Archive member included to satisfy reference by file (symbol)

/Users/davidebucci/Desktop/Synchronized/Vintage/Computing/Atari/ST/brown/lib/gcc/m68k-atariextrabrowner-elf/10.2.0/../../../../m68k-atariextrabrowner-elf/lib/m68000/libc.a(checkcpu.o)
                              /Users/davidebucci/Desktop/Synchronized/Vintage/Computing/Atari/ST/brown//../bigbrownbuild-git/mintlib-bigbrownbuild-10.2.0/startup/crt0.o (__checkcpu)
/Users/davidebucci/Desktop/Synchronized/Vintage/Computing/Atari/ST/brown/lib/gcc/m68k-atariextrabrowner-elf/10.2.0/../../../../m68k-atariextrabrowner-elf/lib/m68000/libc.a(crtinit.o)
                              /Users/davidebucci/Desktop/Synchronized/Vintage/Computing/Atari/ST/brown//../bigbrownbuild-git/mintlib-bigbrownbuild-10.2.0/startup/crt0.o (__acc_main)
/Users/davidebucci/Desktop/Synchronized/Vintage/Computing/Atari/ST/brown/lib/gcc/m68k-atariextrabrowner-elf/10.2.0/../../../../m68k-atariextrabrowner-elf/lib/m68000/libc.a(getenv.o)
                              /Users/davidebucci/Desktop/Synchronized/Vintage/Computing/Atari/ST/brown/lib/gcc/m68k-atariextrabrowner-elf/10.2.0/../../../../m68k-atariextrabrowner-elf/lib/m68000/libc.a(crtinit.o) (_getenv)
/Users/davidebucci/Desktop/Synchronized/Vintage/Computing/Atari/ST/brown/lib/gcc/m68k-atariextrabrowner-elf/10.2.0/../../../../m68k-atariextrabrowner-elf/lib/m68000/libc.a(globals.o)
                              queens_no_UTF8.o (symbol from plugin) (_stdin)
/Users/davidebucci/Desktop/Synchronized/Vintage/Computing/Atari/ST/brown/lib/gcc/m68k-atariextrabrowner-elf/10.2.0/../../../../m68k-atariextrabrowner-elf/lib/m68000/libc.a(heapbase.o)
                              /Users/davidebucci/Desktop/Synchronized/Vintage/Computing/Atari/ST/brown//../bigbrownbuild-git/mintlib-bigbrownbuild-10.2.0/startup/crt0.o (__heapbase)
/Users/davidebucci/Desktop/Synchronized/Vintage/Computing/Atari/ST/brown/lib/gcc/m68k-atariextrabrowner-elf/10.2.0/../../../../m68k-atariextrabrowner-elf/lib/m68000/libc.a(ident.o)
                              /Users/davidebucci/Desktop/Synchronized/Vintage/Computing/Atari/ST/brown//../bigbrownbuild-git/mintlib-bigbrownbuild-10.2.0/startup/crt0.o (___Ident_gnulib)
/Users/davidebucci/Desktop/Synchronized/Vintage/Computing/Atari/ST/brown/lib/gcc/m68k-atariextrabrowner-elf/10.2.0/../../../../m68k-atariextrabrowner-elf/lib/m68000/libc.a(ident_dummy_gem.o)
                              /Users/davidebucci/Desktop/Synchronized/Vintage/Computing/Atari/ST/brown//../bigbrownbuild-git/mintlib-bigbrownbuild-10.2.0/startup/crt0.o (___Ident_gem)
/Users/davidebucci/Desktop/Synchronized/Vintage/Computing/Atari/ST/brown/lib/gcc/m68k-atariextrabrowner-elf/10.2.0/../../../../m68k-atariextrabrowner-elf/lib/m68000/libc.a(inistack.o)
                              /Users/davidebucci/Desktop/Synchronized/Vintage/Computing/Atari/ST/brown/lib/gcc/m68k-atariextrabrowner-elf/10.2.0/../../../../m68k-atariextrabrowner-elf/lib/m68000/libc.a(crtinit.o) (__initial_stack)
/Users/davidebucci/Desktop/Synchronized/Vintage/Computing/Atari/ST/brown/lib/gcc/m68k-atariextrabrowner-elf/10.2.0/../../../../m68k-atariextrabrowner-elf/lib/m68000/libc.a(main.o)
                              /Users/davidebucci/Desktop/Synchronized/Vintage/Computing/Atari/ST/brown/lib/gcc/m68k-atariextrabrowner-elf/10.2.0/../../../../m68k-atariextrabrowner-elf/lib/m68000/libc.a(crtinit.o) (__main)
/Users/davidebucci/Desktop/Synchronized/Vintage/Computing/Atari/ST/brown/lib/gcc/m68k-atariextrabrowner-elf/10.2.0/../../../../m68k-atariextrabrowner-elf/lib/m68000/libc.a(malloc.o)
                              /Users/davidebucci/Desktop/Synchronized/Vintage/Computing/Atari/ST/brown/lib/gcc/m68k-atariextrabrowner-elf/10.2.0/../../../../m68k-atariextrabrowner-elf/lib/m68000/libc.a(main.o) (_malloc)
/Users/davidebucci/Desktop/Synchronized/Vintage/Computing/Atari/ST/brown/lib/gcc/m68k-atariextrabrowner-elf/10.2.0/../../../../m68k-atariextrabrowner-elf/lib/m68000/libc.a(realloc.o)
                              /Users/davidebucci/Desktop/Synchronized/Vintage/Computing/Atari/ST/brown/lib/gcc/m68k-atariextrabrowner-elf/10.2.0/../../../../m68k-atariextrabrowner-elf/lib/m68000/libc.a(main.o) (_realloc)
/Users/davidebucci/Desktop/Synchronized/Vintage/Computing/Atari/ST/brown/lib/gcc/m68k-atariextrabrowner-elf/10.2.0/../../../../m68k-atariextrabrowner-elf/lib/m68000/libc.a(setstack.o)
                              /Users/davidebucci/Desktop/Synchronized/Vintage/Computing/Atari/ST/brown/lib/gcc/m68k-atariextrabrowner-elf/10.2.0/../../../../m68k-atariextrabrowner-elf/lib/m68000/libc.a(crtinit.o) (__setstack)
/Users/davidebucci/Desktop/Synchronized/Vintage/Computing/Atari/ST/brown/lib/gcc/m68k-atariextrabrowner-elf/10.2.0/../../../../m68k-atariextrabrowner-elf/lib/m68000/libc.a(stksiz.o)
                              /Users/davidebucci/Desktop/Synchronized/Vintage/Computing/Atari/ST/brown//../bigbrownbuild-git/mintlib-bigbrownbuild-10.2.0/startup/crt0.o (__stksize)
[...]
Memory Configuration

Name             Origin             Length             Attributes
*default*        0x0000000000000000 0xffffffffffffffff

Linker script and memory map

LOAD /Users/davidebucci/Desktop/Synchronized/Vintage/Computing/Atari/ST/brown/lib/gcc/m68k-atariextrabrowner-elf/10.2.0/m68000/crtbegin.o
LOAD /Users/davidebucci/Desktop/Synchronized/Vintage/Computing/Atari/ST/brown//../bigbrownbuild-git/mintlib-bigbrownbuild-10.2.0/startup/crt0.o
LOAD queens_no_UTF8.o
LOAD /var/folders/sk/pxzc9l1n12xfhw7mpgdgdkdc0000gn/T//tqf40.elf.wZD2pm.ltrans0.ltrans.o
LOAD inout40.o
LOAD loadsave.o
LOAD cover_pics/queen.o
LOAD /Users/davidebucci/Desktop/Synchronized/Vintage/Computing/Atari/ST/brown//lib/gcc/m68k-atariextrabrowner-elf/10.2.0/m68000/libgcc.a
LOAD /Users/davidebucci/Desktop/Synchronized/Vintage/Computing/Atari/ST/brown/lib/gcc/m68k-atariextrabrowner-elf/10.2.0/../../../../m68k-atariextrabrowner-elf/lib/m68000/libc.a
LOAD /Users/davidebucci/Desktop/Synchronized/Vintage/Computing/Atari/ST/brown//lib/gcc/m68k-atariextrabrowner-elf/10.2.0/m68000/libgcc.a
LOAD /Users/davidebucci/Desktop/Synchronized/Vintage/Computing/Atari/ST/brown/lib/gcc/m68k-atariextrabrowner-elf/10.2.0/m68000/crtend.o
Address of section .text set to 0x0
                [!provide]                        PROVIDE (__executable_start = SEGMENT_START ("text-segment", 0x80000000))
                0x0000000080000094                . = (SEGMENT_START ("text-segment", 0x80000000) + SIZEOF_HEADERS)

.interp
 *(.interp)

.note.gnu.build-id
 *(.note.gnu.build-id)

.hash
 *(.hash)

.gnu.hash
 *(.gnu.hash)

.dynsym
 *(.dynsym)

.dynstr
 *(.dynstr)

.gnu.version
 *(.gnu.version)

.gnu.version_d
 *(.gnu.version_d)

.gnu.version_r
 *(.gnu.version_r)

.rela.dyn       0x0000000080000094        0x0
 *(.rela.init)
 *(.rela.text .rela.text.* .rela.gnu.linkonce.t.*)
 *(.rela.fini)
 *(.rela.rodata .rela.rodata.* .rela.gnu.linkonce.r.*)
 *(.rela.data .rela.data.* .rela.gnu.linkonce.d.*)
 *(.rela.tdata .rela.tdata.* .rela.gnu.linkonce.td.*)
 *(.rela.tbss .rela.tbss.* .rela.gnu.linkonce.tb.*)
 *(.rela.ctors)
 *(.rela.dtors)
 *(.rela.got)
 *(.rela.bss .rela.bss.* .rela.gnu.linkonce.b.*)
                [!provide]                        PROVIDE (__rela_iplt_start = .)
 *(.rela.iplt)
                [!provide]                        PROVIDE (__rela_iplt_end = .)

.rela.plt
 *(.rela.plt)

.init           0x0000000080000094        0xc
 *(SORT_NONE(.init))
 .init          0x0000000080000094        0x6 /Users/davidebucci/Desktop/Synchronized/Vintage/Computing/Atari/ST/brown/lib/gcc/m68k-atariextrabrowner-elf/10.2.0/m68000/crtbegin.o
 .init          0x000000008000009a        0x6 /Users/davidebucci/Desktop/Synchronized/Vintage/Computing/Atari/ST/brown/lib/gcc/m68k-atariextrabrowner-elf/10.2.0/m68000/crtend.o

.plt
 *(.plt)

.iplt
 *(.iplt)

.text           0x0000000000000000    0x3db4c
 *(.text.unlikely .text.*_unlikely .text.unlikely.*)
 .text.unlikely
                0x0000000000000000       0x14 /Users/davidebucci/Desktop/Synchronized/Vintage/Computing/Atari/ST/brown/lib/gcc/m68k-atariextrabrowner-elf/10.2.0/../../../../m68k-atariextrabrowner-elf/lib/m68000/libc.a(abort.o)
                0x0000000000000000                _abort
 *(.text.exit .text.exit.*)
 *(.text.startup .text.startup.*)
 .text.startup.main
                0x0000000000000014       0x3e /var/folders/sk/pxzc9l1n12xfhw7mpgdgdkdc0000gn/T//tqf40.elf.wZD2pm.ltrans0.ltrans.o
                0x0000000000000014                _main
 *(.text.hot .text.hot.*)
 *(SORT_BY_NAME(.text.sorted.*))
 *(.text .stub .text.* .gnu.linkonce.t.*)
 *fill*         0x0000000000000052        0x2 4e714e71
 .text          0x0000000000000054       0xf0 /Users/davidebucci/Desktop/Synchronized/Vintage/Computing/Atari/ST/brown/lib/gcc/m68k-atariextrabrowner-elf/10.2.0/m68000/crtbegin.o
 .text          0x0000000000000144       0x70 /Users/davidebucci/Desktop/Synchronized/Vintage/Computing/Atari/ST/brown//../bigbrownbuild-git/mintlib-bigbrownbuild-10.2.0/startup/crt0.o
                0x0000000000000144                __start
                0x00000000000001b2                __monstartup
                0x00000000000001b2                __moncontrol
                0x00000000000001b2                ___mcleanup
 .text          0x00000000000001b4        0x0 /var/folders/sk/pxzc9l1n12xfhw7mpgdgdkdc0000gn/T//tqf40.elf.wZD2pm.ltrans0.ltrans.o
 .text.restart  0x00000000000001b4       0x92 /var/folders/sk/pxzc9l1n12xfhw7mpgdgdkdc0000gn/T//tqf40.elf.wZD2pm.ltrans0.ltrans.o
 .text.object_is_available
                0x0000000000000246       0x76 /var/folders/sk/pxzc9l1n12xfhw7mpgdgdkdc0000gn/T//tqf40.elf.wZD2pm.ltrans0.ltrans.o
 .text.cvna     0x00000000000002bc       0x7c /var/folders/sk/pxzc9l1n12xfhw7mpgdgdkdc0000gn/T//tqf40.elf.wZD2pm.ltrans0.ltrans.o
 .text.writesameln
                0x0000000000000338      0x1f6 /var/folders/sk/pxzc9l1n12xfhw7mpgdgdkdc0000gn/T//tqf40.elf.wZD2pm.ltrans0.ltrans.o
 .text.show_messagenlf
                0x000000000000052e      0x18c /var/folders/sk/pxzc9l1n12xfhw7mpgdgdkdc0000gn/T//tqf40.elf.wZD2pm.ltrans0.ltrans.o
 .text.writesameln.constprop.0
                0x00000000000006ba      0x216 /var/folders/sk/pxzc9l1n12xfhw7mpgdgdkdc0000gn/T//tqf40.elf.wZD2pm.ltrans0.ltrans.o
 .text.get      0x00000000000008d0       0x90 /var/folders/sk/pxzc9l1n12xfhw7mpgdgdkdc0000gn/T//tqf40.elf.wZD2pm.ltrans0.ltrans.o
 .text.drop     0x0000000000000960       0x68 /var/folders/sk/pxzc9l1n12xfhw7mpgdgdkdc0000gn/T//tqf40.elf.wZD2pm.ltrans0.ltrans.o
 .text.hi_cond  0x00000000000009c8      0x4ce /var/folders/sk/pxzc9l1n12xfhw7mpgdgdkdc0000gn/T//tqf40.elf.wZD2pm.ltrans0.ltrans.o
 .text.writesameln.constprop.1
                0x0000000000000e96      0x216 /var/folders/sk/pxzc9l1n12xfhw7mpgdgdkdc0000gn/T//tqf40.elf.wZD2pm.ltrans0.ltrans.o
 .text.wri      0x00000000000010ac       0xf8 /var/folders/sk/pxzc9l1n12xfhw7mpgdgdkdc0000gn/T//tqf40.elf.wZD2pm.ltrans0.ltrans.o
 .text.loadgame.constprop.0
                0x00000000000011a4      0x54c /var/folders/sk/pxzc9l1n12xfhw7mpgdgdkdc0000gn/T//tqf40.elf.wZD2pm.ltrans0.ltrans.o
 .text.game_cycle
                0x00000000000016f0     0x771c /var/folders/sk/pxzc9l1n12xfhw7mpgdgdkdc0000gn/T//tqf40.elf.wZD2pm.ltrans0.ltrans.o
 .text          0x0000000000008e0c    0x1dbcc cover_pics/queen.o
                0x0000000000008e12                _pic_display
 .text          0x00000000000269d8       0x14 /Users/davidebucci/Desktop/Synchronized/Vintage/Computing/Atari/ST/brown/lib/gcc/m68k-atariextrabrowner-elf/10.2.0/../../../../m68k-atariextrabrowner-elf/lib/m68000/libc.a(checkcpu.o)
                0x00000000000269d8                __checkcpu
 .text          0x00000000000269ec      0x732 /Users/davidebucci/Desktop/Synchronized/Vintage/Computing/Atari/ST/brown/lib/gcc/m68k-atariextrabrowner-elf/10.2.0/../../../../m68k-atariextrabrowner-elf/lib/m68000/libc.a(crtinit.o)
                0x00000000000269ec                __acc_main
                0x0000000000026afa                __crtinit
 *fill*         0x000000000002711e        0x2 4e714e71
 .text          0x0000000000027120       0x6e /Users/davidebucci/Desktop/Synchronized/Vintage/Computing/Atari/ST/brown/lib/gcc/m68k-atariextrabrowner-elf/10.2.0/../../../../m68k-atariextrabrowner-elf/lib/m68000/libc.a(getenv.o)
                0x0000000000027120                _getenv
 *fill*         0x000000000002718e        0x2 4e714e71
 .text          0x0000000000027190        0x0 /Users/davidebucci/Desktop/Synchronized/Vintage/Computing/Atari/ST/brown/lib/gcc/m68k-atariextrabrowner-elf/10.2.0/../../../../m68k-atariextrabrowner-elf/lib/m68000/libc.a(globals.o)
 .text          0x0000000000027190        0x0 /Users/davidebucci/Desktop/Synchronized/Vintage/Computing/Atari/ST/brown/lib/gcc/m68k-atariextrabrowner-elf/10.2.0/../../../../m68k-atariextrabrowner-elf/lib/m68000/libc.a(heapbase.o)
 .text          0x0000000000027190        0x0 /Users/davidebucci/Desktop/Synchronized/Vintage/Computing/Atari/ST/brown/lib/gcc/m68k-atariextrabrowner-elf/10.2.0/../../../../m68k-atariextrabrowner-elf/lib/m68000/libc.a(ident.o)
 .text          0x0000000000027190        0x0 /Users/davidebucci/Desktop/Synchronized/Vintage/Computing/Atari/ST/brown/lib/gcc/m68k-atariextrabrowner-elf/10.2.0/../../../../m68k-atariextrabrowner-elf/lib/m68000/libc.a(ident_dummy_gem.o)
 .text          0x0000000000027190        0x0 /Users/davidebucci/Desktop/Synchronized/Vintage/Computing/Atari/ST/brown/lib/gcc/m68k-atariextrabrowner-elf/10.2.0/../../../../m68k-atariextrabrowner-elf/lib/m68000/libc.a(inistack.o)
 .text          0x0000000000027190      0x6e2 /Users/davidebucci/Desktop/Synchronized/Vintage/Computing/Atari/ST/brown/lib/gcc/m68k-atariextrabrowner-elf/10.2.0/../../../../m68k-atariextrabrowner-elf/lib/m68000/libc.a(main.o)
                0x000000000002722e                __main
                0x000000000002722e                ___libc_main
 *fill*         0x0000000000027872        0x2 4e714e71
 .text          0x0000000000027874      0x4be /Users/davidebucci/Desktop/Synchronized/Vintage/Computing/Atari/ST/brown/lib/gcc/m68k-atariextrabrowner-elf/10.2.0/../../../../m68k-atariextrabrowner-elf/lib/m68000/libc.a(malloc.o)
                0x0000000000027874                ___mallocChunkSize
                0x0000000000027874                __mallocChunkSize
                0x0000000000027886                __malloczero
                0x0000000000027886                ___malloczero
                0x0000000000027890                _malloc
                0x0000000000027890                ___malloc
                0x0000000000027a70                _free
                0x0000000000027a70                ___free
 *fill*         0x0000000000027d32        0x2 4e714e71
 .text          0x0000000000027d34      0x156 /Users/davidebucci/Desktop/Synchronized/Vintage/Computing/Atari/ST/brown/lib/gcc/m68k-atariextrabrowner-elf/10.2.0/../../../../m68k-atariextrabrowner-elf/lib/m68000/libc.a(realloc.o)
                0x0000000000027d34                ___realloc
                0x0000000000027d34                _realloc
 *fill*         0x0000000000027e8a        0x2 4e714e71
 .text          0x0000000000027e8c        0xc /Users/davidebucci/Desktop/Synchronized/Vintage/Computing/Atari/ST/brown/lib/gcc/m68k-atariextrabrowner-elf/10.2.0/../../../../m68k-atariextrabrowner-elf/lib/m68000/libc.a(setstack.o)
                0x0000000000027e8c                __setstack
 .text          0x0000000000027e98        0x0 /Users/davidebucci/Desktop/Synchronized/Vintage/Computing/Atari/ST/brown/lib/gcc/m68k-atariextrabrowner-elf/10.2.0/../../../../m68k-atariextrabrowner-elf/lib/m68000/libc.a(stksiz.o)
 .text          0x0000000000027e98      0x4ca /Users/davidebucci/Desktop/Synchronized/Vintage/Computing/Atari/ST/brown/lib/gcc/m68k-atariextrabrowner-elf/10.2.0/../../../../m68k-atariextrabrowner-elf/lib/m68000/libc.a(unx2dos.o)
                0x0000000000027e98                __unx2dos
                0x00000000000280ba                __dos2unx
                0x00000000000281f4                _unx2dos
                0x000000000002820a                _dos2unx
                0x0000000000028220                __path_unx2dos
                0x00000000000282be                __path_dos2unx
 *fill*         0x0000000000028362        0x2 4e714e71
 .text          0x0000000000028364       0x24 /Users/davidebucci/Desktop/Synchronized/Vintage/Computing/Atari/ST/brown/lib/gcc/m68k-atariextrabrowner-elf/10.2.0/../../../../m68k-atariextrabrowner-elf/lib/m68000/libc.a(initsig.o)
                0x0000000000028364                __init_signal
 .text          0x0000000000028388       0xcc /Users/davidebucci/Desktop/Synchronized/Vintage/Computing/Atari/ST/brown/lib/gcc/m68k-atariextrabrowner-elf/10.2.0/../../../../m68k-atariextrabrowner-elf/lib/m68000/libc.a(binmode.o)
                0x0000000000028388                __binmode
                0x0000000000028388                ___binmode
                0x00000000000283a2                ___set_binmode
 .text          0x0000000000028454        0x0 /Users/davidebucci/Desktop/Synchronized/Vintage/Computing/Atari/ST/brown/lib/gcc/m68k-atariextrabrowner-elf/10.2.0/../../../../m68k-atariextrabrowner-elf/lib/m68000/libc.a(defmode.o)
 .text          0x0000000000028454       0xea /Users/davidebucci/Desktop/Synchronized/Vintage/Computing/Atari/ST/brown/lib/gcc/m68k-atariextrabrowner-elf/10.2.0/../../../../m68k-atariextrabrowner-elf/lib/m68000/libc.a(fclose.o)
                0x0000000000028454                _fclose
 *fill*         0x000000000002853e        0x2 4e714e71
 .text          0x0000000000028540      0x208 /Users/davidebucci/Desktop/Synchronized/Vintage/Computing/Atari/ST/brown/lib/gcc/m68k-atariextrabrowner-elf/10.2.0/../../../../m68k-atariextrabrowner-elf/lib/m68000/libc.a(fgets.o)
                0x0000000000028540                _fgets_unlocked
                0x0000000000028540                _fgets
 .text          0x0000000000028748       0x64 /Users/davidebucci/Desktop/Synchronized/Vintage/Computing/Atari/ST/brown/lib/gcc/m68k-atariextrabrowner-elf/10.2.0/../../../../m68k-atariextrabrowner-elf/lib/m68000/libc.a(fileno.o)
                0x0000000000028748                _fileno
                0x0000000000028748                _fileno_unlocked
 .text          0x00000000000287ac      0x156 /Users/davidebucci/Desktop/Synchronized/Vintage/Computing/Atari/ST/brown/lib/gcc/m68k-atariextrabrowner-elf/10.2.0/../../../../m68k-atariextrabrowner-elf/lib/m68000/libc.a(fopen.o)
                0x000000000002884c                ___getmode
                0x0000000000028862                _fopen
 *fill*         0x0000000000028902        0x2 4e714e71
 .text          0x0000000000028904       0x2c /Users/davidebucci/Desktop/Synchronized/Vintage/Computing/Atari/ST/brown/lib/gcc/m68k-atariextrabrowner-elf/10.2.0/../../../../m68k-atariextrabrowner-elf/lib/m68000/libc.a(getchar.o)
                0x0000000000028904                _getchar_unlocked
                0x0000000000028904                _getchar
 .text          0x0000000000028930      0xbb4 /Users/davidebucci/Desktop/Synchronized/Vintage/Computing/Atari/ST/brown/lib/gcc/m68k-atariextrabrowner-elf/10.2.0/../../../../m68k-atariextrabrowner-elf/lib/m68000/libc.a(internals.o)
                0x0000000000028a80                ___stdio_check_funcs
                0x0000000000028b1c                ___stdio_check_offset
                0x000000000002916e                ___flshfp
                0x0000000000029300                ___fillbf
                0x00000000000294bc                ___invalidate
 .text          0x00000000000294e4       0x76 /Users/davidebucci/Desktop/Synchronized/Vintage/Computing/Atari/ST/brown/lib/gcc/m68k-atariextrabrowner-elf/10.2.0/../../../../m68k-atariextrabrowner-elf/lib/m68000/libc.a(newstream.o)
                0x00000000000294e4                ___newstream
 *fill*         0x000000000002955a        0x2 4e714e71
 .text          0x000000000002955c      0x118 /Users/davidebucci/Desktop/Synchronized/Vintage/Computing/Atari/ST/brown/lib/gcc/m68k-atariextrabrowner-elf/10.2.0/../../../../m68k-atariextrabrowner-elf/lib/m68000/libc.a(setvbuf.o)
                0x000000000002955c                _setvbuf
 .text          0x0000000000029674       0x84 /Users/davidebucci/Desktop/Synchronized/Vintage/Computing/Atari/ST/brown/lib/gcc/m68k-atariextrabrowner-elf/10.2.0/../../../../m68k-atariextrabrowner-elf/lib/m68000/libc.a(stdio_init.o)
                0x0000000000029674                ___stdio_init_stream
 .text          0x00000000000296f8      0x398 /Users/davidebucci/Desktop/Synchronized/Vintage/Computing/Atari/ST/brown/lib/gcc/m68k-atariextrabrowner-elf/10.2.0/../../../../m68k-atariextrabrowner-elf/lib/m68000/libc.a(sysd-stdio.o)
                0x00000000000296f8                ___stdio_close
                0x00000000000296fe                ___stdio_read
                0x0000000000029704                ___stdio_text_read
                0x000000000002980c                ___stdio_write
                0x000000000002985a                ___stdio_text_write
                0x0000000000029948                ___stdio_seek
                0x0000000000029974                ___stdio_fileno
                0x000000000002997a                ___stdio_open
                0x00000000000299fc                ___stdio_reopen
 .text          0x0000000000029a90       0x16 /Users/davidebucci/Desktop/Synchronized/Vintage/Computing/Atari/ST/brown/lib/gcc/m68k-atariextrabrowner-elf/10.2.0/../../../../m68k-atariextrabrowner-elf/lib/m68000/libc.a(atoi.o)
                0x0000000000029a90                _atoi
 *fill*         0x0000000000029aa6        0x2 4e714e71
 .text          0x0000000000029aa8       0x38 /Users/davidebucci/Desktop/Synchronized/Vintage/Computing/Atari/ST/brown/lib/gcc/m68k-atariextrabrowner-elf/10.2.0/../../../../m68k-atariextrabrowner-elf/lib/m68000/libc.a(exit.o)
                0x0000000000029aa8                ___exit
                0x0000000000029aa8                _exit
 .text          0x0000000000029ae0      0x330 /Users/davidebucci/Desktop/Synchronized/Vintage/Computing/Atari/ST/brown/lib/gcc/m68k-atariextrabrowner-elf/10.2.0/../../../../m68k-atariextrabrowner-elf/lib/m68000/libc.a(strtol.o)
                0x0000000000029dc4                ___strtol_internal
                0x0000000000029dea                _strtol
 .text          0x0000000000029e10      0x1c4 /Users/davidebucci/Desktop/Synchronized/Vintage/Computing/Atari/ST/brown/lib/gcc/m68k-atariextrabrowner-elf/10.2.0/../../../../m68k-atariextrabrowner-elf/lib/m68000/libc.a(bcopy.o)
                0x0000000000029e10                _memcpy
                0x0000000000029e10                _memmove
                0x0000000000029e1a                ___bcopy
                0x0000000000029e1a                _bcopy
                0x0000000000029e1a                __bcopy
 .text          0x0000000000029fd4       0xa8 /Users/davidebucci/Desktop/Synchronized/Vintage/Computing/Atari/ST/brown/lib/gcc/m68k-atariextrabrowner-elf/10.2.0/../../../../m68k-atariextrabrowner-elf/lib/m68000/libc.a(bzero.o)
                0x0000000000029fd4                _bzero
                0x0000000000029fd4                __bzero
                0x0000000000029fd4                ___bzero
 .text          0x000000000002a07c       0x32 /Users/davidebucci/Desktop/Synchronized/Vintage/Computing/Atari/ST/brown/lib/gcc/m68k-atariextrabrowner-elf/10.2.0/../../../../m68k-atariextrabrowner-elf/lib/m68000/libc.a(memccpy.o)
                0x000000000002a07c                _memccpy
                0x000000000002a07c                ___memccpy
 *fill*         0x000000000002a0ae        0x2 4e714e71
 .text          0x000000000002a0b0       0xaa /Users/davidebucci/Desktop/Synchronized/Vintage/Computing/Atari/ST/brown/lib/gcc/m68k-atariextrabrowner-elf/10.2.0/../../../../m68k-atariextrabrowner-elf/lib/m68000/libc.a(memset.o)
                0x000000000002a0b0                _memset
 *fill*         0x000000000002a15a        0x2 4e714e71
 .text          0x000000000002a15c       0x36 /Users/davidebucci/Desktop/Synchronized/Vintage/Computing/Atari/ST/brown/lib/gcc/m68k-atariextrabrowner-elf/10.2.0/../../../../m68k-atariextrabrowner-elf/lib/m68000/libc.a(strcmp.o)
                0x000000000002a15c                _strcmp
 *fill*         0x000000000002a192        0x2 4e714e71
 .text          0x000000000002a194       0x18 /Users/davidebucci/Desktop/Synchronized/Vintage/Computing/Atari/ST/brown/lib/gcc/m68k-atariextrabrowner-elf/10.2.0/../../../../m68k-atariextrabrowner-elf/lib/m68000/libc.a(strlen.o)
                0x000000000002a194                _strlen
 .text          0x000000000002a1ac       0x40 /Users/davidebucci/Desktop/Synchronized/Vintage/Computing/Atari/ST/brown/lib/gcc/m68k-atariextrabrowner-elf/10.2.0/../../../../m68k-atariextrabrowner-elf/lib/m68000/libc.a(strncat.o)
                0x000000000002a1ac                _strncat
 .text          0x000000000002a1ec       0x5a /Users/davidebucci/Desktop/Synchronized/Vintage/Computing/Atari/ST/brown/lib/gcc/m68k-atariextrabrowner-elf/10.2.0/../../../../m68k-atariextrabrowner-elf/lib/m68000/libc.a(strncmp.o)
                0x000000000002a1ec                _strncmp
 *fill*         0x000000000002a246        0x2 4e714e71
 .text          0x000000000002a248       0x40 /Users/davidebucci/Desktop/Synchronized/Vintage/Computing/Atari/ST/brown/lib/gcc/m68k-atariextrabrowner-elf/10.2.0/../../../../m68k-atariextrabrowner-elf/lib/m68000/libc.a(strncpy.o)
                0x000000000002a248                _strncpy
 .text          0x000000000002a288       0x4c /Users/davidebucci/Desktop/Synchronized/Vintage/Computing/Atari/ST/brown/lib/gcc/m68k-atariextrabrowner-elf/10.2.0/../../../../m68k-atariextrabrowner-elf/lib/m68000/libc.a(strrchr.o)
                0x000000000002a288                _rindex
                0x000000000002a288                _strrchr
 .text          0x000000000002a2d4       0x58 /Users/davidebucci/Desktop/Synchronized/Vintage/Computing/Atari/ST/brown/lib/gcc/m68k-atariextrabrowner-elf/10.2.0/../../../../m68k-atariextrabrowner-elf/lib/m68000/libc.a(close.o)
                0x000000000002a2d4                ___close
                0x000000000002a2d4                _close
 .text          0x000000000002a32c       0xd4 /Users/davidebucci/Desktop/Synchronized/Vintage/Computing/Atari/ST/brown/lib/gcc/m68k-atariextrabrowner-elf/10.2.0/../../../../m68k-atariextrabrowner-elf/lib/m68000/libc.a(dup2.o)
                0x000000000002a32c                _dup2
                0x000000000002a32c                ___dup2
 .text          0x000000000002a400       0x18 /Users/davidebucci/Desktop/Synchronized/Vintage/Computing/Atari/ST/brown/lib/gcc/m68k-atariextrabrowner-elf/10.2.0/../../../../m68k-atariextrabrowner-elf/lib/m68000/libc.a(fstat.o)
                0x000000000002a400                _fstat
                0x000000000002a400                ___fstat
 .text          0x000000000002a418       0x4c /Users/davidebucci/Desktop/Synchronized/Vintage/Computing/Atari/ST/brown/lib/gcc/m68k-atariextrabrowner-elf/10.2.0/../../../../m68k-atariextrabrowner-elf/lib/m68000/libc.a(getpagesize.o)
                0x000000000002a418                ___getpagesize
                0x000000000002a418                _getpagesize
 .text          0x000000000002a464      0x154 /Users/davidebucci/Desktop/Synchronized/Vintage/Computing/Atari/ST/brown/lib/gcc/m68k-atariextrabrowner-elf/10.2.0/../../../../m68k-atariextrabrowner-elf/lib/m68000/libc.a(lseek.o)
                0x000000000002a464                ___lseek
                0x000000000002a464                _lseek
 .text          0x000000000002a5b8      0x94e /Users/davidebucci/Desktop/Synchronized/Vintage/Computing/Atari/ST/brown/lib/gcc/m68k-atariextrabrowner-elf/10.2.0/../../../../m68k-atariextrabrowner-elf/lib/m68000/libc.a(open.o)
                0x000000000002a65e                ___open_v
                0x000000000002aeea                _open
                0x000000000002aeea                ___open
 *fill*         0x000000000002af06        0x2 4e714e71
 .text          0x000000000002af08      0x430 /Users/davidebucci/Desktop/Synchronized/Vintage/Computing/Atari/ST/brown/lib/gcc/m68k-atariextrabrowner-elf/10.2.0/../../../../m68k-atariextrabrowner-elf/lib/m68000/libc.a(read.o)
                0x000000000002af08                _read
                0x000000000002af08                ___read
 .text          0x000000000002b338       0x82 /Users/davidebucci/Desktop/Synchronized/Vintage/Computing/Atari/ST/brown/lib/gcc/m68k-atariextrabrowner-elf/10.2.0/../../../../m68k-atariextrabrowner-elf/lib/m68000/libc.a(sbrk.o)
                0x000000000002b338                _sbrk
                0x000000000002b338                ___sbrk
 *fill*         0x000000000002b3ba        0x2 4e714e71
 .text          0x000000000002b3bc       0x4c /Users/davidebucci/Desktop/Synchronized/Vintage/Computing/Atari/ST/brown/lib/gcc/m68k-atariextrabrowner-elf/10.2.0/../../../../m68k-atariextrabrowner-elf/lib/m68000/libc.a(sysctl.o)
                0x000000000002b3bc                ___sysctl
                0x000000000002b3bc                _sysctl
 .text          0x000000000002b408      0x178 /Users/davidebucci/Desktop/Synchronized/Vintage/Computing/Atari/ST/brown/lib/gcc/m68k-atariextrabrowner-elf/10.2.0/../../../../m68k-atariextrabrowner-elf/lib/m68000/libc.a(write.o)
                0x000000000002b408                _write
                0x000000000002b408                ___write
 .text          0x000000000002b580        0x0 /Users/davidebucci/Desktop/Synchronized/Vintage/Computing/Atari/ST/brown/lib/gcc/m68k-atariextrabrowner-elf/10.2.0/../../../../m68k-atariextrabrowner-elf/lib/m68000/libc.a(ident_sock.o)
 .text          0x000000000002b580      0x17c /Users/davidebucci/Desktop/Synchronized/Vintage/Computing/Atari/ST/brown/lib/gcc/m68k-atariextrabrowner-elf/10.2.0/../../../../m68k-atariextrabrowner-elf/lib/m68000/libc.a(assert.o)
                0x000000000002b580                ___assert_fail
 .text          0x000000000002b6fc       0x8e /Users/davidebucci/Desktop/Synchronized/Vintage/Computing/Atari/ST/brown/lib/gcc/m68k-atariextrabrowner-elf/10.2.0/../../../../m68k-atariextrabrowner-elf/lib/m68000/libc.a(console.o)
                0x000000000002b6fc                __console_read_byte
                0x000000000002b75c                __console_write_byte
 *fill*         0x000000000002b78a        0x2 4e714e71
 .text          0x000000000002b78c      0x1b4 /Users/davidebucci/Desktop/Synchronized/Vintage/Computing/Atari/ST/brown/lib/gcc/m68k-atariextrabrowner-elf/10.2.0/../../../../m68k-atariextrabrowner-elf/lib/m68000/libc.a(ctype.o)
                0x000000000002b78c                _isalnum
                0x000000000002b7ac                _isalpha
                0x000000000002b7cc                _isascii
                0x000000000002b7dc                _toascii
                0x000000000002b7e4                _iscntrl
                0x000000000002b818                _isdigit
                0x000000000002b838                _isgraph
                0x000000000002b85a                _islower
                0x000000000002b87c                _isprint
                0x000000000002b89e                _ispunct
                0x000000000002b8be                _isspace
                0x000000000002b8de                _isupper
                0x000000000002b8fe                _isxdigit
                0x000000000002b91e                ___isblank
                0x000000000002b91e                _isblank
 .text          0x000000000002b940      0x448 /Users/davidebucci/Desktop/Synchronized/Vintage/Computing/Atari/ST/brown/lib/gcc/m68k-atariextrabrowner-elf/10.2.0/../../../../m68k-atariextrabrowner-elf/lib/m68000/libc.a(do_fstat.o)
                0x000000000002b940                ___sys_fstat
                0x000000000002baa4                ___do_fstat
 .text          0x000000000002bd88      0x134 /Users/davidebucci/Desktop/Synchronized/Vintage/Computing/Atari/ST/brown/lib/gcc/m68k-atariextrabrowner-elf/10.2.0/../../../../m68k-atariextrabrowner-elf/lib/m68000/libc.a(enoent.o)
                0x000000000002bd88                __enoent
 .text          0x000000000002bebc       0x7e /Users/davidebucci/Desktop/Synchronized/Vintage/Computing/Atari/ST/brown/lib/gcc/m68k-atariextrabrowner-elf/10.2.0/../../../../m68k-atariextrabrowner-elf/lib/m68000/libc.a(getcookie.o)
                0x000000000002bebc                _Getcookie
 *fill*         0x000000000002bf3a        0x2 4e714e71
 .text          0x000000000002bf3c       0x60 /Users/davidebucci/Desktop/Synchronized/Vintage/Computing/Atari/ST/brown/lib/gcc/m68k-atariextrabrowner-elf/10.2.0/../../../../m68k-atariextrabrowner-elf/lib/m68000/libc.a(getsysvar.o)
                0x000000000002bf3c                _get_sysvar
 .text          0x000000000002bf9c        0x0 /Users/davidebucci/Desktop/Synchronized/Vintage/Computing/Atari/ST/brown/lib/gcc/m68k-atariextrabrowner-elf/10.2.0/../../../../m68k-atariextrabrowner-elf/lib/m68000/libc.a(inode.o)
 .text          0x000000000002bf9c      0x112 /Users/davidebucci/Desktop/Synchronized/Vintage/Computing/Atari/ST/brown/lib/gcc/m68k-atariextrabrowner-elf/10.2.0/../../../../m68k-atariextrabrowner-elf/lib/m68000/libc.a(isatty.o)
                0x000000000002bf9c                ___isatty
                0x000000000002bf9c                _isatty
 *fill*         0x000000000002c0ae        0x2 4e714e71
 .text          0x000000000002c0b0       0xb2 /Users/davidebucci/Desktop/Synchronized/Vintage/Computing/Atari/ST/brown/lib/gcc/m68k-atariextrabrowner-elf/10.2.0/../../../../m68k-atariextrabrowner-elf/lib/m68000/libc.a(isctty.o)
                0x000000000002c0b0                __isctty
 *fill*         0x000000000002c162        0x2 4e714e71
 .text          0x000000000002c164       0x1a /Users/davidebucci/Desktop/Synchronized/Vintage/Computing/Atari/ST/brown/lib/gcc/m68k-atariextrabrowner-elf/10.2.0/../../../../m68k-atariextrabrowner-elf/lib/m68000/libc.a(libc_exit.o)
                0x000000000002c164                __exit
                0x000000000002c164                ___libc_exit
 *fill*         0x000000000002c17e        0x2 4e714e71
 .text          0x000000000002c180      0x57e /Users/davidebucci/Desktop/Synchronized/Vintage/Computing/Atari/ST/brown/lib/gcc/m68k-atariextrabrowner-elf/10.2.0/../../../../m68k-atariextrabrowner-elf/lib/m68000/libc.a(quickstat.o)
                0x000000000002c180                ___quickstat
 *fill*         0x000000000002c6fe        0x2 4e714e71
 .text          0x000000000002c700       0x4c /Users/davidebucci/Desktop/Synchronized/Vintage/Computing/Atari/ST/brown/lib/gcc/m68k-atariextrabrowner-elf/10.2.0/../../../../m68k-atariextrabrowner-elf/lib/m68000/libc.a(toxxx.o)
                0x000000000002c700                __toupper
                0x000000000002c700                _toupper
                0x000000000002c726                __tolower
                0x000000000002c726                _tolower
 .text          0x000000000002c74c       0x72 /Users/davidebucci/Desktop/Synchronized/Vintage/Computing/Atari/ST/brown/lib/gcc/m68k-atariextrabrowner-elf/10.2.0/../../../../m68k-atariextrabrowner-elf/lib/m68000/libc.a(unixtime.o)
                0x000000000002c74c                ___unixtime
 *fill*         0x000000000002c7be        0x2 4e714e71
 .text          0x000000000002c7c0       0x16 /Users/davidebucci/Desktop/Synchronized/Vintage/Computing/Atari/ST/brown/lib/gcc/m68k-atariextrabrowner-elf/10.2.0/../../../../m68k-atariextrabrowner-elf/lib/m68000/libc.a(raise.o)
                0x000000000002c7c0                _gsignal
                0x000000000002c7c0                _raise
 *fill*         0x000000000002c7d6        0x2 4e714e71
 .text          0x000000000002c7d8       0x5c /Users/davidebucci/Desktop/Synchronized/Vintage/Computing/Atari/ST/brown/lib/gcc/m68k-atariextrabrowner-elf/10.2.0/../../../../m68k-atariextrabrowner-elf/lib/m68000/libc.a(fcloseall.o)
                0x000000000002c7d8                _fcloseall
                0x000000000002c7d8                ___fcloseall
 .text          0x000000000002c834       0xce /Users/davidebucci/Desktop/Synchronized/Vintage/Computing/Atari/ST/brown/lib/gcc/m68k-atariextrabrowner-elf/10.2.0/../../../../m68k-atariextrabrowner-elf/lib/m68000/libc.a(fflush.o)
                0x000000000002c834                _fflush
                0x000000000002c834                _fflush_unlocked
 *fill*         0x000000000002c902        0x2 4e714e71
 .text          0x000000000002c904        0x0 /Users/davidebucci/Desktop/Synchronized/Vintage/Computing/Atari/ST/brown/lib/gcc/m68k-atariextrabrowner-elf/10.2.0/../../../../m68k-atariextrabrowner-elf/lib/m68000/libc.a(itoa-digits.o)
 .text          0x000000000002c904      0x318 /Users/davidebucci/Desktop/Synchronized/Vintage/Computing/Atari/ST/brown/lib/gcc/m68k-atariextrabrowner-elf/10.2.0/../../../../m68k-atariextrabrowner-elf/lib/m68000/libc.a(strtoul.o)
                0x000000000002cbd0                ___strtoul_internal
                0x000000000002cbf6                _strtoul
 .text          0x000000000002cc1c       0x1c /Users/davidebucci/Desktop/Synchronized/Vintage/Computing/Atari/ST/brown/lib/gcc/m68k-atariextrabrowner-elf/10.2.0/../../../../m68k-atariextrabrowner-elf/lib/m68000/libc.a(strchr.o)
                0x000000000002cc1c                _strchr
                0x000000000002cc1c                _index
                0x000000000002cc1c                ___strchr
 .text          0x000000000002cc38     0x2c7c /Users/davidebucci/Desktop/Synchronized/Vintage/Computing/Atari/ST/brown/lib/gcc/m68k-atariextrabrowner-elf/10.2.0/../../../../m68k-atariextrabrowner-elf/lib/m68000/libc.a(localtime.o)
                0x000000000002f2a6                _tzsetwall
                0x000000000002f350                _tzset
                0x000000000002f4c0                _localtime
                0x000000000002f4da                _localtime_r
                0x000000000002f4ee                _gmtime
                0x000000000002f586                _gmtime_r
                0x000000000002f61a                _offtime
                0x000000000002f6b6                _ctime
                0x000000000002f6de                _ctime_r
                0x000000000002f704                _mktime
                0x000000000002f71c                _timelocal
                0x000000000002f746                _timegm
                0x000000000002f766                _timeoff
                0x000000000002f788                _time2posix
                0x000000000002f7c6                _posix2time
 .text          0x000000000002f8b4       0xf2 /Users/davidebucci/Desktop/Synchronized/Vintage/Computing/Atari/ST/brown/lib/gcc/m68k-atariextrabrowner-elf/10.2.0/../../../../m68k-atariextrabrowner-elf/lib/m68000/libc.a(access.o)
                0x000000000002f8b4                _access
                0x000000000002f8b4                ___access
 *fill*         0x000000000002f9a6        0x2 4e714e71
 .text          0x000000000002f9a8      0x142 /Users/davidebucci/Desktop/Synchronized/Vintage/Computing/Atari/ST/brown/lib/gcc/m68k-atariextrabrowner-elf/10.2.0/../../../../m68k-atariextrabrowner-elf/lib/m68000/libc.a(chmod.o)
                0x000000000002f9a8                ___chmod
                0x000000000002f9a8                _chmod
 *fill*         0x000000000002faea        0x2 4e714e71
 .text          0x000000000002faec       0x30 /Users/davidebucci/Desktop/Synchronized/Vintage/Computing/Atari/ST/brown/lib/gcc/m68k-atariextrabrowner-elf/10.2.0/../../../../m68k-atariextrabrowner-elf/lib/m68000/libc.a(getegid.o)
                0x000000000002faec                _getegid
                0x000000000002faec                ___getegid
 .text          0x000000000002fb1c       0x30 /Users/davidebucci/Desktop/Synchronized/Vintage/Computing/Atari/ST/brown/lib/gcc/m68k-atariextrabrowner-elf/10.2.0/../../../../m68k-atariextrabrowner-elf/lib/m68000/libc.a(geteuid.o)
                0x000000000002fb1c                ___geteuid
                0x000000000002fb1c                _geteuid
 .text          0x000000000002fb4c       0x2c /Users/davidebucci/Desktop/Synchronized/Vintage/Computing/Atari/ST/brown/lib/gcc/m68k-atariextrabrowner-elf/10.2.0/../../../../m68k-atariextrabrowner-elf/lib/m68000/libc.a(getgid.o)
                0x000000000002fb4c                _getgid
                0x000000000002fb4c                ___getgid
 .text          0x000000000002fb78      0x134 /Users/davidebucci/Desktop/Synchronized/Vintage/Computing/Atari/ST/brown/lib/gcc/m68k-atariextrabrowner-elf/10.2.0/../../../../m68k-atariextrabrowner-elf/lib/m68000/libc.a(getgroups.o)
                0x000000000002fb78                ___getgroups
                0x000000000002fb78                _getgroups
 .text          0x000000000002fcac       0x2e /Users/davidebucci/Desktop/Synchronized/Vintage/Computing/Atari/ST/brown/lib/gcc/m68k-atariextrabrowner-elf/10.2.0/../../../../m68k-atariextrabrowner-elf/lib/m68000/libc.a(getpid.o)
                0x000000000002fcac                _getpid
                0x000000000002fcac                ___getpid
 *fill*         0x000000000002fcda        0x2 4e714e71
 .text          0x000000000002fcdc       0x26 /Users/davidebucci/Desktop/Synchronized/Vintage/Computing/Atari/ST/brown/lib/gcc/m68k-atariextrabrowner-elf/10.2.0/../../../../m68k-atariextrabrowner-elf/lib/m68000/libc.a(getuid.o)
                0x000000000002fcdc                _getuid
                0x000000000002fcdc                ___getuid
 *fill*         0x000000000002fd02        0x2 4e714e71
 .text          0x000000000002fd04      0x67a /Users/davidebucci/Desktop/Synchronized/Vintage/Computing/Atari/ST/brown/lib/gcc/m68k-atariextrabrowner-elf/10.2.0/../../../../m68k-atariextrabrowner-elf/lib/m68000/libc.a(ioctl.o)
                0x000000000002fd04                ___ioctl
                0x000000000002fd04                _ioctl
 *fill*         0x000000000003037e        0x2 4e714e71
 .text          0x0000000000030380      0x126 /Users/davidebucci/Desktop/Synchronized/Vintage/Computing/Atari/ST/brown/lib/gcc/m68k-atariextrabrowner-elf/10.2.0/../../../../m68k-atariextrabrowner-elf/lib/m68000/libc.a(kill.o)
                0x0000000000030380                ___kill
                0x0000000000030380                _kill
 *fill*         0x00000000000304a6        0x2 4e714e71
 .text          0x00000000000304a8       0x3a /Users/davidebucci/Desktop/Synchronized/Vintage/Computing/Atari/ST/brown/lib/gcc/m68k-atariextrabrowner-elf/10.2.0/../../../../m68k-atariextrabrowner-elf/lib/m68000/libc.a(time.o)
                0x00000000000304a8                ___time
                0x00000000000304a8                _time
 *fill*         0x00000000000304e2        0x2 4e714e71
 .text          0x00000000000304e4        0x0 /Users/davidebucci/Desktop/Synchronized/Vintage/Computing/Atari/ST/brown/lib/gcc/m68k-atariextrabrowner-elf/10.2.0/../../../../m68k-atariextrabrowner-elf/lib/m68000/libc.a(abort.o)
 .text          0x00000000000304e4        0x0 /Users/davidebucci/Desktop/Synchronized/Vintage/Computing/Atari/ST/brown/lib/gcc/m68k-atariextrabrowner-elf/10.2.0/../../../../m68k-atariextrabrowner-elf/lib/m68000/libc.a(alglobal.o)
 .text          0x00000000000304e4       0x3e /Users/davidebucci/Desktop/Synchronized/Vintage/Computing/Atari/ST/brown/lib/gcc/m68k-atariextrabrowner-elf/10.2.0/../../../../m68k-atariextrabrowner-elf/lib/m68000/libc.a(calloc.o)
                0x00000000000304e4                _calloc
                0x00000000000304e4                ___calloc
 *fill*         0x0000000000030522        0x2 4e714e71
 .text          0x0000000000030524      0x7d2 /Users/davidebucci/Desktop/Synchronized/Vintage/Computing/Atari/ST/brown/lib/gcc/m68k-atariextrabrowner-elf/10.2.0/../../../../m68k-atariextrabrowner-elf/lib/m68000/libc.a(do_stat.o)
                0x0000000000030524                ___sys_stat
                0x0000000000030670                ___do_stat
 *fill*         0x0000000000030cf6        0x2 4e714e71
 .text          0x0000000000030cf8        0x0 /Users/davidebucci/Desktop/Synchronized/Vintage/Computing/Atari/ST/brown/lib/gcc/m68k-atariextrabrowner-elf/10.2.0/../../../../m68k-atariextrabrowner-elf/lib/m68000/libc.a(uidgid.o)
 .text          0x0000000000030cf8       0x38 /Users/davidebucci/Desktop/Synchronized/Vintage/Computing/Atari/ST/brown/lib/gcc/m68k-atariextrabrowner-elf/10.2.0/../../../../m68k-atariextrabrowner-elf/lib/m68000/libc.a(getpwuid.o)
                0x0000000000030cf8                _getpwuid
 .text          0x0000000000030d30       0x92 /Users/davidebucci/Desktop/Synchronized/Vintage/Computing/Atari/ST/brown/lib/gcc/m68k-atariextrabrowner-elf/10.2.0/../../../../m68k-atariextrabrowner-elf/lib/m68000/libc.a(getpwuid_r.o)
                0x0000000000030d30                _getpwuid_r
                0x0000000000030d30                ___getpwuid_r
 *fill*         0x0000000000030dc2        0x2 4e714e71
 .text          0x0000000000030dc4      0x452 /Users/davidebucci/Desktop/Synchronized/Vintage/Computing/Atari/ST/brown/lib/gcc/m68k-atariextrabrowner-elf/10.2.0/../../../../m68k-atariextrabrowner-elf/lib/m68000/libc.a(grp.o)
                0x0000000000030fa8                _setgrent
                0x0000000000030fd8                _endgrent
                0x0000000000030ff2                _getgrent
                0x0000000000031046                _getgrgid
                0x0000000000031106                _getgrnam
                0x00000000000311e2                _fgetgrent
 *fill*         0x0000000000031216        0x2 4e714e71
 .text          0x0000000000031218       0x2a /Users/davidebucci/Desktop/Synchronized/Vintage/Computing/Atari/ST/brown/lib/gcc/m68k-atariextrabrowner-elf/10.2.0/../../../../m68k-atariextrabrowner-elf/lib/m68000/libc.a(rewind.o)
                0x0000000000031218                _rewind
 *fill*         0x0000000000031242        0x2 4e714e71
 .text          0x0000000000031244      0x1b6 /Users/davidebucci/Desktop/Synchronized/Vintage/Computing/Atari/ST/brown/lib/gcc/m68k-atariextrabrowner-elf/10.2.0/../../../../m68k-atariextrabrowner-elf/lib/m68000/libc.a(asctime.o)
                0x0000000000031244                _asctime_r
                0x00000000000313e8                _asctime
 *fill*         0x00000000000313fa        0x2 4e714e71
 .text          0x00000000000313fc     0x1506 /Users/davidebucci/Desktop/Synchronized/Vintage/Computing/Atari/ST/brown/lib/gcc/m68k-atariextrabrowner-elf/10.2.0/../../../../m68k-atariextrabrowner-elf/lib/m68000/libc.a(strftime.o)
                0x00000000000327b6                _strftime
 *fill*         0x0000000000032902        0x2 4e714e71
 .text          0x0000000000032904      0x114 /Users/davidebucci/Desktop/Synchronized/Vintage/Computing/Atari/ST/brown/lib/gcc/m68k-atariextrabrowner-elf/10.2.0/../../../../m68k-atariextrabrowner-elf/lib/m68000/libc.a(gettimeofday.o)
                0x0000000000032904                ___gettimeofday
                0x0000000000032904                _gettimeofday
 .text          0x0000000000032a18        0x8 /Users/davidebucci/Desktop/Synchronized/Vintage/Computing/Atari/ST/brown/lib/gcc/m68k-atariextrabrowner-elf/10.2.0/../../../../m68k-atariextrabrowner-elf/lib/m68000/libc.a(setlocale.o)
                0x0000000000032a18                _setlocale
 .text          0x0000000000032a20      0x428 /Users/davidebucci/Desktop/Synchronized/Vintage/Computing/Atari/ST/brown/lib/gcc/m68k-atariextrabrowner-elf/10.2.0/../../../../m68k-atariextrabrowner-elf/lib/m68000/libc.a(fgetpwent_r.o)
                0x0000000000032a20                ___fgetpwent_r
                0x0000000000032a20                _fgetpwent_r
 .text          0x0000000000032e48        0xc /Users/davidebucci/Desktop/Synchronized/Vintage/Computing/Atari/ST/brown/lib/gcc/m68k-atariextrabrowner-elf/10.2.0/../../../../m68k-atariextrabrowner-elf/lib/m68000/libc.a(clearerr.o)
                0x0000000000032e48                _clearerr
                0x0000000000032e48                _clearerr_unlocked
 .text          0x0000000000032e54       0x1e /Users/davidebucci/Desktop/Synchronized/Vintage/Computing/Atari/ST/brown/lib/gcc/m68k-atariextrabrowner-elf/10.2.0/../../../../m68k-atariextrabrowner-elf/lib/m68000/libc.a(fprintf.o)
                0x0000000000032e54                _fprintf
 *fill*         0x0000000000032e72        0x2 4e714e71
 .text          0x0000000000032e74       0xa2 /Users/davidebucci/Desktop/Synchronized/Vintage/Computing/Atari/ST/brown/lib/gcc/m68k-atariextrabrowner-elf/10.2.0/../../../../m68k-atariextrabrowner-elf/lib/m68000/libc.a(fputc.o)
                0x0000000000032e74                _fputc
                0x0000000000032e74                _fputc_unlocked
 *fill*         0x0000000000032f16        0x2 4e714e71
 .text          0x0000000000032f18      0x192 /Users/davidebucci/Desktop/Synchronized/Vintage/Computing/Atari/ST/brown/lib/gcc/m68k-atariextrabrowner-elf/10.2.0/../../../../m68k-atariextrabrowner-elf/lib/m68000/libc.a(fseek.o)
                0x0000000000032f18                _fseek
                0x00000000000330a6                _fseeko
 *fill*         0x00000000000330aa        0x2 4e714e71
 .text          0x00000000000330ac      0x38a /Users/davidebucci/Desktop/Synchronized/Vintage/Computing/Atari/ST/brown/lib/gcc/m68k-atariextrabrowner-elf/10.2.0/../../../../m68k-atariextrabrowner-elf/lib/m68000/libc.a(fwrite.o)
                0x00000000000330ac                _fwrite_unlocked
                0x00000000000330ac                _fwrite
 *fill*         0x0000000000033436        0x2 4e714e71
 .text          0x0000000000033438       0x1e /Users/davidebucci/Desktop/Synchronized/Vintage/Computing/Atari/ST/brown/lib/gcc/m68k-atariextrabrowner-elf/10.2.0/../../../../m68k-atariextrabrowner-elf/lib/m68000/libc.a(sprintf.o)
                0x0000000000033438                _sprintf
 *fill*         0x0000000000033456        0x2 4e714e71
 .text          0x0000000000033458       0xc8 /Users/davidebucci/Desktop/Synchronized/Vintage/Computing/Atari/ST/brown/lib/gcc/m68k-atariextrabrowner-elf/10.2.0/../../../../m68k-atariextrabrowner-elf/lib/m68000/libc.a(ungetc.o)
                0x0000000000033458                _ungetc
 .text          0x0000000000033520     0x3e52 /Users/davidebucci/Desktop/Synchronized/Vintage/Computing/Atari/ST/brown/lib/gcc/m68k-atariextrabrowner-elf/10.2.0/../../../../m68k-atariextrabrowner-elf/lib/m68000/libc.a(vfprintf.o)
                0x0000000000033a72                ___printf_pad
                0x0000000000033af2                _vfprintf
 *fill*         0x0000000000037372        0x2 4e714e71
 .text          0x0000000000037374       0x6c /Users/davidebucci/Desktop/Synchronized/Vintage/Computing/Atari/ST/brown/lib/gcc/m68k-atariextrabrowner-elf/10.2.0/../../../../m68k-atariextrabrowner-elf/lib/m68000/libc.a(vsprintf.o)
                0x0000000000037374                _vsprintf
 .text          0x00000000000373e0       0x26 /Users/davidebucci/Desktop/Synchronized/Vintage/Computing/Atari/ST/brown/lib/gcc/m68k-atariextrabrowner-elf/10.2.0/../../../../m68k-atariextrabrowner-elf/lib/m68000/libc.a(memchr.o)
                0x00000000000373e0                _memchr
 *fill*         0x0000000000037406        0x2 4e714e71
 .text          0x0000000000037408       0x20 /Users/davidebucci/Desktop/Synchronized/Vintage/Computing/Atari/ST/brown/lib/gcc/m68k-atariextrabrowner-elf/10.2.0/../../../../m68k-atariextrabrowner-elf/lib/m68000/libc.a(mempcpy.o)
                0x0000000000037408                ___mempcpy
                0x0000000000037408                _mempcpy
 .text          0x0000000000037428       0x12 /Users/davidebucci/Desktop/Synchronized/Vintage/Computing/Atari/ST/brown/lib/gcc/m68k-atariextrabrowner-elf/10.2.0/../../../../m68k-atariextrabrowner-elf/lib/m68000/libc.a(strcpy.o)
                0x0000000000037428                _strcpy
 *fill*         0x000000000003743a        0x2 4e714e71
 .text          0x000000000003743c       0x5c /Users/davidebucci/Desktop/Synchronized/Vintage/Computing/Atari/ST/brown/lib/gcc/m68k-atariextrabrowner-elf/10.2.0/../../../../m68k-atariextrabrowner-elf/lib/m68000/libc.a(strerror_r.o)
                0x000000000003743c                _strerror_r
                0x000000000003743c                ___strerror_r
 .text          0x0000000000037498       0x30 /Users/davidebucci/Desktop/Synchronized/Vintage/Computing/Atari/ST/brown/lib/gcc/m68k-atariextrabrowner-elf/10.2.0/../../../../m68k-atariextrabrowner-elf/lib/m68000/libc.a(strnlen.o)
                0x0000000000037498                _strnlen
                0x0000000000037498                ___strnlen
 .text          0x00000000000374c8      0x6b8 /Users/davidebucci/Desktop/Synchronized/Vintage/Computing/Atari/ST/brown/lib/gcc/m68k-atariextrabrowner-elf/10.2.0/../../../../m68k-atariextrabrowner-elf/lib/m68000/libc.a(_itoa.o)
                0x00000000000374c8                __itoa
 .text          0x0000000000037b80        0x8 /Users/davidebucci/Desktop/Synchronized/Vintage/Computing/Atari/ST/brown/lib/gcc/m68k-atariextrabrowner-elf/10.2.0/../../../../m68k-atariextrabrowner-elf/lib/m68000/libc.a(lockfile.o)
                0x0000000000037b80                ___internal_flockfile
                0x0000000000037b80                _flockfile
                0x0000000000037b80                ___flockfile
                0x0000000000037b82                ___funlockfile
                0x0000000000037b82                ___internal_funlockfile
                0x0000000000037b82                _funlockfile
                0x0000000000037b84                _ftrylockfile
                0x0000000000037b84                ___internal_ftrylockfile
                0x0000000000037b84                ___ftrylockfile
 .text          0x0000000000037b88     0x1a44 /Users/davidebucci/Desktop/Synchronized/Vintage/Computing/Atari/ST/brown/lib/gcc/m68k-atariextrabrowner-elf/10.2.0/../../../../m68k-atariextrabrowner-elf/lib/m68000/libc.a(printf_fp.o)
                0x0000000000037cd4                ___printf_fp
                0x0000000000039580                ___guess_grouping
 .text          0x00000000000395cc      0xca8 /Users/davidebucci/Desktop/Synchronized/Vintage/Computing/Atari/ST/brown/lib/gcc/m68k-atariextrabrowner-elf/10.2.0/../../../../m68k-atariextrabrowner-elf/lib/m68000/libc.a(printf_fphex.o)
                0x00000000000395cc                ___printf_fphex
 .text          0x000000000003a274       0x42 /Users/davidebucci/Desktop/Synchronized/Vintage/Computing/Atari/ST/brown/lib/gcc/m68k-atariextrabrowner-elf/10.2.0/../../../../m68k-atariextrabrowner-elf/lib/m68000/libc.a(reg-printf.o)
                0x000000000003a274                _register_printf_function
                0x000000000003a274                ___register_printf_function
 *fill*         0x000000000003a2b6        0x2 4e714e71
 .text          0x000000000003a2b8        0x0 /Users/davidebucci/Desktop/Synchronized/Vintage/Computing/Atari/ST/brown/lib/gcc/m68k-atariextrabrowner-elf/10.2.0/../../../../m68k-atariextrabrowner-elf/lib/m68000/libc.a(fpioconst.o)
 .text          0x000000000003a2b8      0x13a /Users/davidebucci/Desktop/Synchronized/Vintage/Computing/Atari/ST/brown/lib/gcc/m68k-atariextrabrowner-elf/10.2.0/../../../../m68k-atariextrabrowner-elf/lib/m68000/libc.a(strerror.o)
                0x000000000003a2b8                _strerror
 *fill*         0x000000000003a3f2        0x2 4e714e71
 .text          0x000000000003a3f4      0x1dc /Users/davidebucci/Desktop/Synchronized/Vintage/Computing/Atari/ST/brown/lib/gcc/m68k-atariextrabrowner-elf/10.2.0/../../../../m68k-atariextrabrowner-elf/lib/m68000/libc.a(dbl2mpn.o)
                0x000000000003a3f4                ___mpn_extract_double
 .text          0x000000000003a5d0      0x200 /Users/davidebucci/Desktop/Synchronized/Vintage/Computing/Atari/ST/brown/lib/gcc/m68k-atariextrabrowner-elf/10.2.0/../../../../m68k-atariextrabrowner-elf/lib/m68000/libc.a(ldbl2mpn.o)
                0x000000000003a5d0                ___mpn_extract_long_double
 .text          0x000000000003a7d0        0x0 /Users/davidebucci/Desktop/Synchronized/Vintage/Computing/Atari/ST/brown/lib/gcc/m68k-atariextrabrowner-elf/10.2.0/../../../../m68k-atariextrabrowner-elf/lib/m68000/libc.a(mp_clz_tab.o)
 .text          0x000000000003a7d0       0x42 /Users/davidebucci/Desktop/Synchronized/Vintage/Computing/Atari/ST/brown/lib/gcc/m68k-atariextrabrowner-elf/10.2.0/../../../../m68k-atariextrabrowner-elf/lib/m68000/libc.a(mpn-cmp.o)
                0x000000000003a7d0                ___mpn_cmp
 *fill*         0x000000000003a812        0x2 4e714e71
 .text          0x000000000003a814      0x782 /Users/davidebucci/Desktop/Synchronized/Vintage/Computing/Atari/ST/brown/lib/gcc/m68k-atariextrabrowner-elf/10.2.0/../../../../m68k-atariextrabrowner-elf/lib/m68000/libc.a(mpn-divrem.o)
                0x000000000003a814                ___mpn_divrem
 *fill*         0x000000000003af96        0x2 4e714e71
 .text          0x000000000003af98       0x5c /Users/davidebucci/Desktop/Synchronized/Vintage/Computing/Atari/ST/brown/lib/gcc/m68k-atariextrabrowner-elf/10.2.0/../../../../m68k-atariextrabrowner-elf/lib/m68000/libc.a(mpn-lshift.o)
                0x000000000003af98                ___mpn_lshift
 .text          0x000000000003aff4      0x2ce /Users/davidebucci/Desktop/Synchronized/Vintage/Computing/Atari/ST/brown/lib/gcc/m68k-atariextrabrowner-elf/10.2.0/../../../../m68k-atariextrabrowner-elf/lib/m68000/libc.a(mpn-mul.o)
                0x000000000003aff4                ___mpn_mul
 *fill*         0x000000000003b2c2        0x2 4e714e71
 .text          0x000000000003b2c4       0x6a /Users/davidebucci/Desktop/Synchronized/Vintage/Computing/Atari/ST/brown/lib/gcc/m68k-atariextrabrowner-elf/10.2.0/../../../../m68k-atariextrabrowner-elf/lib/m68000/libc.a(mpn-mul_1.o)
                0x000000000003b2c4                ___mpn_mul_1
 *fill*         0x000000000003b32e        0x2 4e714e71
 .text          0x000000000003b330      0x982 /Users/davidebucci/Desktop/Synchronized/Vintage/Computing/Atari/ST/brown/lib/gcc/m68k-atariextrabrowner-elf/10.2.0/../../../../m68k-atariextrabrowner-elf/lib/m68000/libc.a(mpn-mul_n.o)
                0x000000000003b330                ___mpn_impn_mul_n_basecase
                0x000000000003b42c                ___mpn_impn_mul_n
                0x000000000003b7d0                ___mpn_impn_sqr_n_basecase
                0x000000000003b8c6                ___mpn_impn_sqr_n
                0x000000000003bc1e                ___mpn_mul_n
 *fill*         0x000000000003bcb2        0x2 4e714e71
 .text          0x000000000003bcb4       0x54 /Users/davidebucci/Desktop/Synchronized/Vintage/Computing/Atari/ST/brown/lib/gcc/m68k-atariextrabrowner-elf/10.2.0/../../../../m68k-atariextrabrowner-elf/lib/m68000/libc.a(mpn-rshift.o)
                0x000000000003bcb4                ___mpn_rshift
 .text          0x000000000003bd08       0x54 /Users/davidebucci/Desktop/Synchronized/Vintage/Computing/Atari/ST/brown/lib/gcc/m68k-atariextrabrowner-elf/10.2.0/../../../../m68k-atariextrabrowner-elf/lib/m68000/libc.a(mpn-sub_n.o)
                0x000000000003bd08                ___mpn_sub_n
 .text          0x000000000003bd5c       0x7a /Users/davidebucci/Desktop/Synchronized/Vintage/Computing/Atari/ST/brown/lib/gcc/m68k-atariextrabrowner-elf/10.2.0/../../../../m68k-atariextrabrowner-elf/lib/m68000/libc.a(mpn-submul_1.o)
                0x000000000003bd5c                ___mpn_submul_1
 *fill*         0x000000000003bdd6        0x2 4e714e71
 .text          0x000000000003bdd8       0x2e /Users/davidebucci/Desktop/Synchronized/Vintage/Computing/Atari/ST/brown/lib/gcc/m68k-atariextrabrowner-elf/10.2.0/../../../../m68k-atariextrabrowner-elf/lib/m68000/libc.a(s_isinf.o)
                0x000000000003bdd8                _isinf
                0x000000000003bdd8                ___isinf
 *fill*         0x000000000003be06        0x2 4e714e71
 .text          0x000000000003be08       0x72 /Users/davidebucci/Desktop/Synchronized/Vintage/Computing/Atari/ST/brown/lib/gcc/m68k-atariextrabrowner-elf/10.2.0/../../../../m68k-atariextrabrowner-elf/lib/m68000/libc.a(s_isinfl.o)
                0x000000000003be08                ___isinfl
                0x000000000003be08                _isinfl
 *fill*         0x000000000003be7a        0x2 4e714e71
 .text          0x000000000003be7c       0x28 /Users/davidebucci/Desktop/Synchronized/Vintage/Computing/Atari/ST/brown/lib/gcc/m68k-atariextrabrowner-elf/10.2.0/../../../../m68k-atariextrabrowner-elf/lib/m68000/libc.a(s_isnan.o)
                0x000000000003be7c                _isnan
                0x000000000003be7c                ___isnan
 .text          0x000000000003bea4       0x6e /Users/davidebucci/Desktop/Synchronized/Vintage/Computing/Atari/ST/brown/lib/gcc/m68k-atariextrabrowner-elf/10.2.0/../../../../m68k-atariextrabrowner-elf/lib/m68000/libc.a(s_isnanl.o)
                0x000000000003bea4                ___isnanl
                0x000000000003bea4                _isnanl
 *fill*         0x000000000003bf12        0x2 4e714e71
 .text          0x000000000003bf14        0xc /Users/davidebucci/Desktop/Synchronized/Vintage/Computing/Atari/ST/brown/lib/gcc/m68k-atariextrabrowner-elf/10.2.0/../../../../m68k-atariextrabrowner-elf/lib/m68000/libc.a(s_signbit.o)
                0x000000000003bf14                ___signbit
                0x000000000003bf14                _signbit
 .text          0x000000000003bf20       0x22 /Users/davidebucci/Desktop/Synchronized/Vintage/Computing/Atari/ST/brown/lib/gcc/m68k-atariextrabrowner-elf/10.2.0/../../../../m68k-atariextrabrowner-elf/lib/m68000/libc.a(s_signbitl.o)
                0x000000000003bf20                ___signbitl
                0x000000000003bf20                _signbitl
 *fill*         0x000000000003bf42        0x2 4e714e71
 .text          0x000000000003bf44       0x22 /Users/davidebucci/Desktop/Synchronized/Vintage/Computing/Atari/ST/brown/lib/gcc/m68k-atariextrabrowner-elf/10.2.0/../../../../m68k-atariextrabrowner-elf/lib/m68000/libc.a(snprintf.o)
                0x000000000003bf44                ___snprintf
                0x000000000003bf44                _snprintf
 *fill*         0x000000000003bf66        0x2 4e714e71
 .text          0x000000000003bf68       0xc2 /Users/davidebucci/Desktop/Synchronized/Vintage/Computing/Atari/ST/brown/lib/gcc/m68k-atariextrabrowner-elf/10.2.0/../../../../m68k-atariextrabrowner-elf/lib/m68000/libc.a(vsnprintf.o)
                0x000000000003bf80                _vsnprintf
                0x000000000003bf80                ___vsnprintf
 *fill*         0x000000000003c02a        0x2 4e714e71
 .text          0x000000000003c02c       0x52 /Users/davidebucci/Desktop/Synchronized/Vintage/Computing/Atari/ST/brown/lib/gcc/m68k-atariextrabrowner-elf/10.2.0/../../../../m68k-atariextrabrowner-elf/lib/m68000/libc.a(mpn-add_n.o)
                0x000000000003c02c                ___mpn_add_n
 *fill*         0x000000000003c07e        0x2 4e714e71
 .text          0x000000000003c080       0x78 /Users/davidebucci/Desktop/Synchronized/Vintage/Computing/Atari/ST/brown/lib/gcc/m68k-atariextrabrowner-elf/10.2.0/../../../../m68k-atariextrabrowner-elf/lib/m68000/libc.a(mpn-addmul_1.o)
                0x000000000003c080                ___mpn_addmul_1
 .text          0x000000000003c0f8       0x7e /Users/davidebucci/Desktop/Synchronized/Vintage/Computing/Atari/ST/brown/lib/gcc/m68k-atariextrabrowner-elf/10.2.0/../../../../m68k-atariextrabrowner-elf/lib/m68000/libc.a(fputs.o)
                0x000000000003c0f8                _fputs
                0x000000000003c0f8                _fputs_unlocked
 *fill*         0x000000000003c176        0x2 4e714e71
 .text          0x000000000003c178       0x22 /Users/davidebucci/Desktop/Synchronized/Vintage/Computing/Atari/ST/brown//lib/gcc/m68k-atariextrabrowner-elf/10.2.0/m68000/libgcc.a(_mulsi3.o)
                0x000000000003c178                ___mulsi3
 *fill*         0x000000000003c19a        0x2 4e714e71
 .text          0x000000000003c19c       0x5c /Users/davidebucci/Desktop/Synchronized/Vintage/Computing/Atari/ST/brown//lib/gcc/m68k-atariextrabrowner-elf/10.2.0/m68000/libgcc.a(_udivsi3.o)
                0x000000000003c19c                ___udivsi3
 .text          0x000000000003c1f8       0x2e /Users/davidebucci/Desktop/Synchronized/Vintage/Computing/Atari/ST/brown//lib/gcc/m68k-atariextrabrowner-elf/10.2.0/m68000/libgcc.a(_divsi3.o)
                0x000000000003c1f8                ___divsi3
 *fill*         0x000000000003c226        0x2 4e714e71
 .text          0x000000000003c228       0x2e /Users/davidebucci/Desktop/Synchronized/Vintage/Computing/Atari/ST/brown//lib/gcc/m68k-atariextrabrowner-elf/10.2.0/m68000/libgcc.a(_umodsi3.o)
                0x000000000003c228                ___umodsi3
 *fill*         0x000000000003c256        0x2 4e714e71
 .text          0x000000000003c258       0x2e /Users/davidebucci/Desktop/Synchronized/Vintage/Computing/Atari/ST/brown//lib/gcc/m68k-atariextrabrowner-elf/10.2.0/m68000/libgcc.a(_modsi3.o)
                0x000000000003c258                ___modsi3
 *fill*         0x000000000003c286        0x2 4e714e71
 .text          0x000000000003c288      0x9cc /Users/davidebucci/Desktop/Synchronized/Vintage/Computing/Atari/ST/brown//lib/gcc/m68k-atariextrabrowner-elf/10.2.0/m68000/libgcc.a(_double.o)
                0x000000000003c2e2                ___subdf3
                0x000000000003c2e8                ___adddf3
                0x000000000003c67e                ___muldf3
                0x000000000003c82c                ___divdf3
                0x000000000003caa0                ___negdf2
                0x000000000003cafe                ___cmpdf2_internal
                0x000000000003cbce                ___cmpdf2
 .text          0x000000000003cc54       0x6a /Users/davidebucci/Desktop/Synchronized/Vintage/Computing/Atari/ST/brown//lib/gcc/m68k-atariextrabrowner-elf/10.2.0/m68000/libgcc.a(_floatex.o)
                0x000000000003cc54                ___clear_sticky_bit
                0x000000000003cc62                $_exception_handler
 *fill*         0x000000000003ccbe        0x2 4e714e71
 .text          0x000000000003ccc0       0x22 /Users/davidebucci/Desktop/Synchronized/Vintage/Computing/Atari/ST/brown//lib/gcc/m68k-atariextrabrowner-elf/10.2.0/m68000/libgcc.a(_ltdf2.o)
                0x000000000003ccc0                ___ltdf2
 *fill*         0x000000000003cce2        0x2 4e714e71
 .text          0x000000000003cce4      0x530 /Users/davidebucci/Desktop/Synchronized/Vintage/Computing/Atari/ST/brown//lib/gcc/m68k-atariextrabrowner-elf/10.2.0/m68000/libgcc.a(fpgnulib.o)
                0x000000000003cd92                ___unordsf2
                0x000000000003cde8                ___unorddf2
                0x000000000003ce58                ___floatunsidf
                0x000000000003cece                ___floatsidf
                0x000000000003cede                ___floatunsisf
                0x000000000003cf58                ___floatsisf
                0x000000000003cf74                ___extendsfdf2
                0x000000000003cfe8                ___truncdfsf2
                0x000000000003d0f0                ___fixdfsi
                0x000000000003d180                ___fixsfsi
 .text          0x000000000003d214      0x912 /Users/davidebucci/Desktop/Synchronized/Vintage/Computing/Atari/ST/brown//lib/gcc/m68k-atariextrabrowner-elf/10.2.0/m68000/libgcc.a(xfgnulib.o)
                0x000000000003d214                ___unordxf2
                0x000000000003d2e8                ___extenddfxf2
                0x000000000003d39a                ___truncxfdf2
                0x000000000003d47e                ___extendsfxf2
                0x000000000003d538                ___truncxfsf2
                0x000000000003d636                ___floatsixf
                0x000000000003d67c                ___floatunsixf
                0x000000000003d6c2                ___fixxfsi
                0x000000000003d6e4                ___addxf3
                0x000000000003d75a                ___subxf3
                0x000000000003d7d0                ___mulxf3
                0x000000000003d846                ___divxf3
                0x000000000003d8bc                ___negxf2
                0x000000000003d912                ___cmpxf2
                0x000000000003d95e                ___eqxf2
                0x000000000003d9aa                ___nexf2
                0x000000000003d9f6                ___ltxf2
                0x000000000003da42                ___lexf2
                0x000000000003da8e                ___gtxf2
                0x000000000003dada                ___gexf2
 *fill*         0x000000000003db26        0x2 4e714e71
 .text          0x000000000003db28       0x24 /Users/davidebucci/Desktop/Synchronized/Vintage/Computing/Atari/ST/brown/lib/gcc/m68k-atariextrabrowner-elf/10.2.0/m68000/crtend.o
 *(.gnu.warning)

.fini           0x000000000003db4c        0x6
 *(SORT_NONE(.fini))
 .fini          0x000000000003db4c        0x6 /Users/davidebucci/Desktop/Synchronized/Vintage/Computing/Atari/ST/brown/lib/gcc/m68k-atariextrabrowner-elf/10.2.0/m68000/crtbegin.o
                [!provide]                        PROVIDE (__etext = .)
                0x000000000003db52                PROVIDE (_etext = .)
                [!provide]                        PROVIDE (etext = .)

.rodata         0x000000000003db52     0x8a6a
 *(.rodata .rodata.* .gnu.linkonce.r.*)
 .rodata.writesameln.constprop.0.str1.1
                0x000000000003db52      0xcb1 /var/folders/sk/pxzc9l1n12xfhw7mpgdgdkdc0000gn/T//tqf40.elf.wZD2pm.ltrans0.ltrans.o
                                          0x2 (size before relaxing)
 .rodata.writesameln.constprop.1.str1.1
                0x000000000003db52      0xcb1 /var/folders/sk/pxzc9l1n12xfhw7mpgdgdkdc0000gn/T//tqf40.elf.wZD2pm.ltrans0.ltrans.o
                                          0x2 (size before relaxing)
 .rodata.loadgame.constprop.0.str1.1
                0x000000000003db52       0x5a /var/folders/sk/pxzc9l1n12xfhw7mpgdgdkdc0000gn/T//tqf40.elf.wZD2pm.ltrans0.ltrans.o
                                         0x5c (size before relaxing)
 .rodata.game_cycle.str1.1
                0x000000000003dbac       0x46 /var/folders/sk/pxzc9l1n12xfhw7mpgdgdkdc0000gn/T//tqf40.elf.wZD2pm.ltrans0.ltrans.o
                                         0x48 (size before relaxing)
 .rodata.short_d104
                0x000000000003dbf2        0xe /var/folders/sk/pxzc9l1n12xfhw7mpgdgdkdc0000gn/T//tqf40.elf.wZD2pm.ltrans0.ltrans.o
 .rodata.long_d104
                0x000000000003dc00       0x81 /var/folders/sk/pxzc9l1n12xfhw7mpgdgdkdc0000gn/T//tqf40.elf.wZD2pm.ltrans0.ltrans.o
 .rodata.short_d101
                0x000000000003dc81        0xe /var/folders/sk/pxzc9l1n12xfhw7mpgdgdkdc0000gn/T//tqf40.elf.wZD2pm.ltrans0.ltrans.o
 .rodata.long_d101
                0x000000000003dc8f      0x120 /var/folders/sk/pxzc9l1n12xfhw7mpgdgdkdc0000gn/T//tqf40.elf.wZD2pm.ltrans0.ltrans.o
 .rodata.short_d100
                0x000000000003ddaf        0xe /var/folders/sk/pxzc9l1n12xfhw7mpgdgdkdc0000gn/T//tqf40.elf.wZD2pm.ltrans0.ltrans.o
 .rodata.long_d100
                0x000000000003ddbd      0x200 /var/folders/sk/pxzc9l1n12xfhw7mpgdgdkdc0000gn/T//tqf40.elf.wZD2pm.ltrans0.ltrans.o
 .rodata.short_d81
                0x000000000003dfbd        0xd /var/folders/sk/pxzc9l1n12xfhw7mpgdgdkdc0000gn/T//tqf40.elf.wZD2pm.ltrans0.ltrans.o
 .rodata.long_d81
                0x000000000003dfca       0x2c /var/folders/sk/pxzc9l1n12xfhw7mpgdgdkdc0000gn/T//tqf40.elf.wZD2pm.ltrans0.ltrans.o
 .rodata.short_d80
                0x000000000003dff6        0x6 /var/folders/sk/pxzc9l1n12xfhw7mpgdgdkdc0000gn/T//tqf40.elf.wZD2pm.ltrans0.ltrans.o
 .rodata.long_d80
                0x000000000003dffc       0x7a /var/folders/sk/pxzc9l1n12xfhw7mpgdgdkdc0000gn/T//tqf40.elf.wZD2pm.ltrans0.ltrans.o
 .rodata.short_d79
                0x000000000003e076        0xc /var/folders/sk/pxzc9l1n12xfhw7mpgdgdkdc0000gn/T//tqf40.elf.wZD2pm.ltrans0.ltrans.o
 .rodata.long_d79
                0x000000000003e082       0x5c /var/folders/sk/pxzc9l1n12xfhw7mpgdgdkdc0000gn/T//tqf40.elf.wZD2pm.ltrans0.ltrans.o
 .rodata.short_d78
                0x000000000003e0de        0x9 /var/folders/sk/pxzc9l1n12xfhw7mpgdgdkdc0000gn/T//tqf40.elf.wZD2pm.ltrans0.ltrans.o
 .rodata.long_d78
                0x000000000003e0e7       0x2e /var/folders/sk/pxzc9l1n12xfhw7mpgdgdkdc0000gn/T//tqf40.elf.wZD2pm.ltrans0.ltrans.o
 .rodata.short_d77
                0x000000000003e115        0xa /var/folders/sk/pxzc9l1n12xfhw7mpgdgdkdc0000gn/T//tqf40.elf.wZD2pm.ltrans0.ltrans.o
 .rodata.long_d77
                0x000000000003e11f       0x75 /var/folders/sk/pxzc9l1n12xfhw7mpgdgdkdc0000gn/T//tqf40.elf.wZD2pm.ltrans0.ltrans.o
 .rodata.short_d76
                0x000000000003e194        0xf /var/folders/sk/pxzc9l1n12xfhw7mpgdgdkdc0000gn/T//tqf40.elf.wZD2pm.ltrans0.ltrans.o
 .rodata.long_d76
                0x000000000003e1a3       0x87 /var/folders/sk/pxzc9l1n12xfhw7mpgdgdkdc0000gn/T//tqf40.elf.wZD2pm.ltrans0.ltrans.o
 .rodata.short_d75
                0x000000000003e22a        0x6 /var/folders/sk/pxzc9l1n12xfhw7mpgdgdkdc0000gn/T//tqf40.elf.wZD2pm.ltrans0.ltrans.o
 .rodata.long_d75
                0x000000000003e230       0x1b /var/folders/sk/pxzc9l1n12xfhw7mpgdgdkdc0000gn/T//tqf40.elf.wZD2pm.ltrans0.ltrans.o
 .rodata.short_d74
                0x000000000003e24b        0x8 /var/folders/sk/pxzc9l1n12xfhw7mpgdgdkdc0000gn/T//tqf40.elf.wZD2pm.ltrans0.ltrans.o
 .rodata.long_d74
                0x000000000003e253       0x59 /var/folders/sk/pxzc9l1n12xfhw7mpgdgdkdc0000gn/T//tqf40.elf.wZD2pm.ltrans0.ltrans.o
 .rodata.short_d73
                0x000000000003e2ac        0xc /var/folders/sk/pxzc9l1n12xfhw7mpgdgdkdc0000gn/T//tqf40.elf.wZD2pm.ltrans0.ltrans.o
 .rodata.long_d73
                0x000000000003e2b8       0x2a /var/folders/sk/pxzc9l1n12xfhw7mpgdgdkdc0000gn/T//tqf40.elf.wZD2pm.ltrans0.ltrans.o
 .rodata.short_d72
                0x000000000003e2e2        0x5 /var/folders/sk/pxzc9l1n12xfhw7mpgdgdkdc0000gn/T//tqf40.elf.wZD2pm.ltrans0.ltrans.o
 .rodata.long_d72
                0x000000000003e2e7       0x58 /var/folders/sk/pxzc9l1n12xfhw7mpgdgdkdc0000gn/T//tqf40.elf.wZD2pm.ltrans0.ltrans.o
 .rodata.short_d71
                0x000000000003e33f        0x6 /var/folders/sk/pxzc9l1n12xfhw7mpgdgdkdc0000gn/T//tqf40.elf.wZD2pm.ltrans0.ltrans.o
 .rodata.long_d71
                0x000000000003e345       0x41 /var/folders/sk/pxzc9l1n12xfhw7mpgdgdkdc0000gn/T//tqf40.elf.wZD2pm.ltrans0.ltrans.o
 .rodata.short_d70
                0x000000000003e386        0x6 /var/folders/sk/pxzc9l1n12xfhw7mpgdgdkdc0000gn/T//tqf40.elf.wZD2pm.ltrans0.ltrans.o
 .rodata.long_d70
                0x000000000003e38c       0x95 /var/folders/sk/pxzc9l1n12xfhw7mpgdgdkdc0000gn/T//tqf40.elf.wZD2pm.ltrans0.ltrans.o
 .rodata.short_d69
                0x000000000003e421        0x9 /var/folders/sk/pxzc9l1n12xfhw7mpgdgdkdc0000gn/T//tqf40.elf.wZD2pm.ltrans0.ltrans.o
 .rodata.long_d69
                0x000000000003e42a       0x56 /var/folders/sk/pxzc9l1n12xfhw7mpgdgdkdc0000gn/T//tqf40.elf.wZD2pm.ltrans0.ltrans.o
 .rodata.short_d68
                0x000000000003e480        0x4 /var/folders/sk/pxzc9l1n12xfhw7mpgdgdkdc0000gn/T//tqf40.elf.wZD2pm.ltrans0.ltrans.o
 .rodata.long_d68
                0x000000000003e484       0x33 /var/folders/sk/pxzc9l1n12xfhw7mpgdgdkdc0000gn/T//tqf40.elf.wZD2pm.ltrans0.ltrans.o
 .rodata.short_d67
                0x000000000003e4b7        0x6 /var/folders/sk/pxzc9l1n12xfhw7mpgdgdkdc0000gn/T//tqf40.elf.wZD2pm.ltrans0.ltrans.o
 .rodata.long_d67
                0x000000000003e4bd       0x1b /var/folders/sk/pxzc9l1n12xfhw7mpgdgdkdc0000gn/T//tqf40.elf.wZD2pm.ltrans0.ltrans.o
 .rodata.short_d66
                0x000000000003e4d8        0x5 /var/folders/sk/pxzc9l1n12xfhw7mpgdgdkdc0000gn/T//tqf40.elf.wZD2pm.ltrans0.ltrans.o
 .rodata.long_d66
                0x000000000003e4dd       0x3a /var/folders/sk/pxzc9l1n12xfhw7mpgdgdkdc0000gn/T//tqf40.elf.wZD2pm.ltrans0.ltrans.o
 .rodata.short_d65
                0x000000000003e517        0x8 /var/folders/sk/pxzc9l1n12xfhw7mpgdgdkdc0000gn/T//tqf40.elf.wZD2pm.ltrans0.ltrans.o
 .rodata.long_d65
                0x000000000003e51f       0x37 /var/folders/sk/pxzc9l1n12xfhw7mpgdgdkdc0000gn/T//tqf40.elf.wZD2pm.ltrans0.ltrans.o
 .rodata.short_d64
                0x000000000003e556        0x8 /var/folders/sk/pxzc9l1n12xfhw7mpgdgdkdc0000gn/T//tqf40.elf.wZD2pm.ltrans0.ltrans.o
 .rodata.long_d64
                0x000000000003e55e       0x4c /var/folders/sk/pxzc9l1n12xfhw7mpgdgdkdc0000gn/T//tqf40.elf.wZD2pm.ltrans0.ltrans.o
 .rodata.short_d63
                0x000000000003e5aa        0x8 /var/folders/sk/pxzc9l1n12xfhw7mpgdgdkdc0000gn/T//tqf40.elf.wZD2pm.ltrans0.ltrans.o
 .rodata.long_d63
                0x000000000003e5b2       0x27 /var/folders/sk/pxzc9l1n12xfhw7mpgdgdkdc0000gn/T//tqf40.elf.wZD2pm.ltrans0.ltrans.o
 .rodata.short_d62
                0x000000000003e5d9        0x8 /var/folders/sk/pxzc9l1n12xfhw7mpgdgdkdc0000gn/T//tqf40.elf.wZD2pm.ltrans0.ltrans.o
 .rodata.long_d62
                0x000000000003e5e1       0x4a /var/folders/sk/pxzc9l1n12xfhw7mpgdgdkdc0000gn/T//tqf40.elf.wZD2pm.ltrans0.ltrans.o
 .rodata.short_d61
                0x000000000003e62b        0xb /var/folders/sk/pxzc9l1n12xfhw7mpgdgdkdc0000gn/T//tqf40.elf.wZD2pm.ltrans0.ltrans.o
 .rodata.long_d61
                0x000000000003e636       0x83 /var/folders/sk/pxzc9l1n12xfhw7mpgdgdkdc0000gn/T//tqf40.elf.wZD2pm.ltrans0.ltrans.o
 .rodata.short_d60
                0x000000000003e6b9        0xa /var/folders/sk/pxzc9l1n12xfhw7mpgdgdkdc0000gn/T//tqf40.elf.wZD2pm.ltrans0.ltrans.o
 .rodata.long_d60
                0x000000000003e6c3       0x76 /var/folders/sk/pxzc9l1n12xfhw7mpgdgdkdc0000gn/T//tqf40.elf.wZD2pm.ltrans0.ltrans.o
 .rodata.short_d47
                0x000000000003e739        0xf /var/folders/sk/pxzc9l1n12xfhw7mpgdgdkdc0000gn/T//tqf40.elf.wZD2pm.ltrans0.ltrans.o
 .rodata.long_d47
                0x000000000003e748       0x2f /var/folders/sk/pxzc9l1n12xfhw7mpgdgdkdc0000gn/T//tqf40.elf.wZD2pm.ltrans0.ltrans.o
 .rodata.short_d46
                0x000000000003e777       0x14 /var/folders/sk/pxzc9l1n12xfhw7mpgdgdkdc0000gn/T//tqf40.elf.wZD2pm.ltrans0.ltrans.o
 .rodata.long_d46
                0x000000000003e78b       0x5b /var/folders/sk/pxzc9l1n12xfhw7mpgdgdkdc0000gn/T//tqf40.elf.wZD2pm.ltrans0.ltrans.o
 .rodata.short_d45
                0x000000000003e7e6       0x11 /var/folders/sk/pxzc9l1n12xfhw7mpgdgdkdc0000gn/T//tqf40.elf.wZD2pm.ltrans0.ltrans.o
 .rodata.long_d45
                0x000000000003e7f7       0x7a /var/folders/sk/pxzc9l1n12xfhw7mpgdgdkdc0000gn/T//tqf40.elf.wZD2pm.ltrans0.ltrans.o
 .rodata.short_d44
                0x000000000003e871       0x13 /var/folders/sk/pxzc9l1n12xfhw7mpgdgdkdc0000gn/T//tqf40.elf.wZD2pm.ltrans0.ltrans.o
 .rodata.long_d44
                0x000000000003e884       0x39 /var/folders/sk/pxzc9l1n12xfhw7mpgdgdkdc0000gn/T//tqf40.elf.wZD2pm.ltrans0.ltrans.o
 .rodata.short_d43
                0x000000000003e8bd        0xc /var/folders/sk/pxzc9l1n12xfhw7mpgdgdkdc0000gn/T//tqf40.elf.wZD2pm.ltrans0.ltrans.o
 .rodata.long_d43
                0x000000000003e8c9       0x60 /var/folders/sk/pxzc9l1n12xfhw7mpgdgdkdc0000gn/T//tqf40.elf.wZD2pm.ltrans0.ltrans.o
 .rodata.short_d42
                0x000000000003e929        0xa /var/folders/sk/pxzc9l1n12xfhw7mpgdgdkdc0000gn/T//tqf40.elf.wZD2pm.ltrans0.ltrans.o
 .rodata.long_d42
                0x000000000003e933       0x7c /var/folders/sk/pxzc9l1n12xfhw7mpgdgdkdc0000gn/T//tqf40.elf.wZD2pm.ltrans0.ltrans.o
 .rodata.short_d41
                0x000000000003e9af        0xb /var/folders/sk/pxzc9l1n12xfhw7mpgdgdkdc0000gn/T//tqf40.elf.wZD2pm.ltrans0.ltrans.o
 .rodata.long_d41
                0x000000000003e9ba       0xa5 /var/folders/sk/pxzc9l1n12xfhw7mpgdgdkdc0000gn/T//tqf40.elf.wZD2pm.ltrans0.ltrans.o
 .rodata.short_d40
                0x000000000003ea5f        0xc /var/folders/sk/pxzc9l1n12xfhw7mpgdgdkdc0000gn/T//tqf40.elf.wZD2pm.ltrans0.ltrans.o
 .rodata.long_d40
                0x000000000003ea6b       0x41 /var/folders/sk/pxzc9l1n12xfhw7mpgdgdkdc0000gn/T//tqf40.elf.wZD2pm.ltrans0.ltrans.o
 .rodata.short_d39
                0x000000000003eaac        0xb /var/folders/sk/pxzc9l1n12xfhw7mpgdgdkdc0000gn/T//tqf40.elf.wZD2pm.ltrans0.ltrans.o
 .rodata.long_d39
                0x000000000003eab7       0x35 /var/folders/sk/pxzc9l1n12xfhw7mpgdgdkdc0000gn/T//tqf40.elf.wZD2pm.ltrans0.ltrans.o
 .rodata.short_d38
                0x000000000003eaec        0x6 /var/folders/sk/pxzc9l1n12xfhw7mpgdgdkdc0000gn/T//tqf40.elf.wZD2pm.ltrans0.ltrans.o
 .rodata.long_d38
                0x000000000003eaf2       0x5b /var/folders/sk/pxzc9l1n12xfhw7mpgdgdkdc0000gn/T//tqf40.elf.wZD2pm.ltrans0.ltrans.o
 .rodata.short_d37
                0x000000000003eb4d       0x14 /var/folders/sk/pxzc9l1n12xfhw7mpgdgdkdc0000gn/T//tqf40.elf.wZD2pm.ltrans0.ltrans.o
 .rodata.long_d37
                0x000000000003eb61       0x32 /var/folders/sk/pxzc9l1n12xfhw7mpgdgdkdc0000gn/T//tqf40.elf.wZD2pm.ltrans0.ltrans.o
 .rodata.short_d36
                0x000000000003eb93        0xa /var/folders/sk/pxzc9l1n12xfhw7mpgdgdkdc0000gn/T//tqf40.elf.wZD2pm.ltrans0.ltrans.o
 .rodata.long_d36
                0x000000000003eb9d       0x37 /var/folders/sk/pxzc9l1n12xfhw7mpgdgdkdc0000gn/T//tqf40.elf.wZD2pm.ltrans0.ltrans.o
 .rodata.short_d35
                0x000000000003ebd4        0xa /var/folders/sk/pxzc9l1n12xfhw7mpgdgdkdc0000gn/T//tqf40.elf.wZD2pm.ltrans0.ltrans.o
 .rodata.long_d35
                0x000000000003ebde       0x28 /var/folders/sk/pxzc9l1n12xfhw7mpgdgdkdc0000gn/T//tqf40.elf.wZD2pm.ltrans0.ltrans.o
 .rodata.short_d34
                0x000000000003ec06        0x7 /var/folders/sk/pxzc9l1n12xfhw7mpgdgdkdc0000gn/T//tqf40.elf.wZD2pm.ltrans0.ltrans.o
 .rodata.long_d34
                0x000000000003ec0d       0x9d /var/folders/sk/pxzc9l1n12xfhw7mpgdgdkdc0000gn/T//tqf40.elf.wZD2pm.ltrans0.ltrans.o
 .rodata.short_d33
                0x000000000003ecaa       0x11 /var/folders/sk/pxzc9l1n12xfhw7mpgdgdkdc0000gn/T//tqf40.elf.wZD2pm.ltrans0.ltrans.o
 .rodata.long_d33
                0x000000000003ecbb       0x46 /var/folders/sk/pxzc9l1n12xfhw7mpgdgdkdc0000gn/T//tqf40.elf.wZD2pm.ltrans0.ltrans.o
 .rodata.short_d32
                0x000000000003ed01        0xc /var/folders/sk/pxzc9l1n12xfhw7mpgdgdkdc0000gn/T//tqf40.elf.wZD2pm.ltrans0.ltrans.o
 .rodata.long_d32
                0x000000000003ed0d       0x32 /var/folders/sk/pxzc9l1n12xfhw7mpgdgdkdc0000gn/T//tqf40.elf.wZD2pm.ltrans0.ltrans.o
 .rodata.short_d31
                0x000000000003ed3f        0xc /var/folders/sk/pxzc9l1n12xfhw7mpgdgdkdc0000gn/T//tqf40.elf.wZD2pm.ltrans0.ltrans.o
 .rodata.long_d31
                0x000000000003ed4b       0x48 /var/folders/sk/pxzc9l1n12xfhw7mpgdgdkdc0000gn/T//tqf40.elf.wZD2pm.ltrans0.ltrans.o
 .rodata.short_d30
                0x000000000003ed93        0xb /var/folders/sk/pxzc9l1n12xfhw7mpgdgdkdc0000gn/T//tqf40.elf.wZD2pm.ltrans0.ltrans.o
 .rodata.long_d30
                0x000000000003ed9e       0x38 /var/folders/sk/pxzc9l1n12xfhw7mpgdgdkdc0000gn/T//tqf40.elf.wZD2pm.ltrans0.ltrans.o
 .rodata.short_d22
                0x000000000003edd6        0xe /var/folders/sk/pxzc9l1n12xfhw7mpgdgdkdc0000gn/T//tqf40.elf.wZD2pm.ltrans0.ltrans.o
 .rodata.long_d22
                0x000000000003ede4       0x7c /var/folders/sk/pxzc9l1n12xfhw7mpgdgdkdc0000gn/T//tqf40.elf.wZD2pm.ltrans0.ltrans.o
 .rodata.short_d21
                0x000000000003ee60        0x7 /var/folders/sk/pxzc9l1n12xfhw7mpgdgdkdc0000gn/T//tqf40.elf.wZD2pm.ltrans0.ltrans.o
 .rodata.long_d21
                0x000000000003ee67       0x2c /var/folders/sk/pxzc9l1n12xfhw7mpgdgdkdc0000gn/T//tqf40.elf.wZD2pm.ltrans0.ltrans.o
 .rodata.short_d20
                0x000000000003ee93        0x7 /var/folders/sk/pxzc9l1n12xfhw7mpgdgdkdc0000gn/T//tqf40.elf.wZD2pm.ltrans0.ltrans.o
 .rodata.long_d20
                0x000000000003ee9a       0x3a /var/folders/sk/pxzc9l1n12xfhw7mpgdgdkdc0000gn/T//tqf40.elf.wZD2pm.ltrans0.ltrans.o
 .rodata.short_d19
                0x000000000003eed4        0x6 /var/folders/sk/pxzc9l1n12xfhw7mpgdgdkdc0000gn/T//tqf40.elf.wZD2pm.ltrans0.ltrans.o
 .rodata.long_d19
                0x000000000003eeda       0x44 /var/folders/sk/pxzc9l1n12xfhw7mpgdgdkdc0000gn/T//tqf40.elf.wZD2pm.ltrans0.ltrans.o
 .rodata.short_d18
                0x000000000003ef1e       0x10 /var/folders/sk/pxzc9l1n12xfhw7mpgdgdkdc0000gn/T//tqf40.elf.wZD2pm.ltrans0.ltrans.o
 .rodata.long_d18
                0x000000000003ef2e       0x49 /var/folders/sk/pxzc9l1n12xfhw7mpgdgdkdc0000gn/T//tqf40.elf.wZD2pm.ltrans0.ltrans.o
 .rodata.short_d17
                0x000000000003ef77        0x6 /var/folders/sk/pxzc9l1n12xfhw7mpgdgdkdc0000gn/T//tqf40.elf.wZD2pm.ltrans0.ltrans.o
 .rodata.long_d17
                0x000000000003ef7d       0x2c /var/folders/sk/pxzc9l1n12xfhw7mpgdgdkdc0000gn/T//tqf40.elf.wZD2pm.ltrans0.ltrans.o
 .rodata.short_d16
                0x000000000003efa9        0xb /var/folders/sk/pxzc9l1n12xfhw7mpgdgdkdc0000gn/T//tqf40.elf.wZD2pm.ltrans0.ltrans.o
 .rodata.long_d16
                0x000000000003efb4       0x83 /var/folders/sk/pxzc9l1n12xfhw7mpgdgdkdc0000gn/T//tqf40.elf.wZD2pm.ltrans0.ltrans.o
 .rodata.short_d14
                0x000000000003f037        0x6 /var/folders/sk/pxzc9l1n12xfhw7mpgdgdkdc0000gn/T//tqf40.elf.wZD2pm.ltrans0.ltrans.o
 .rodata.long_d14
                0x000000000003f03d       0x14 /var/folders/sk/pxzc9l1n12xfhw7mpgdgdkdc0000gn/T//tqf40.elf.wZD2pm.ltrans0.ltrans.o
 .rodata.short_d13
                0x000000000003f051        0xc /var/folders/sk/pxzc9l1n12xfhw7mpgdgdkdc0000gn/T//tqf40.elf.wZD2pm.ltrans0.ltrans.o
 .rodata.long_d13
                0x000000000003f05d       0x47 /var/folders/sk/pxzc9l1n12xfhw7mpgdgdkdc0000gn/T//tqf40.elf.wZD2pm.ltrans0.ltrans.o
 .rodata.short_d12
                0x000000000003f0a4        0x9 /var/folders/sk/pxzc9l1n12xfhw7mpgdgdkdc0000gn/T//tqf40.elf.wZD2pm.ltrans0.ltrans.o
 .rodata.long_d12
                0x000000000003f0ad       0x7f /var/folders/sk/pxzc9l1n12xfhw7mpgdgdkdc0000gn/T//tqf40.elf.wZD2pm.ltrans0.ltrans.o
 .rodata.short_d11
                0x000000000003f12c        0xb /var/folders/sk/pxzc9l1n12xfhw7mpgdgdkdc0000gn/T//tqf40.elf.wZD2pm.ltrans0.ltrans.o
 .rodata.long_d11
                0x000000000003f137       0x36 /var/folders/sk/pxzc9l1n12xfhw7mpgdgdkdc0000gn/T//tqf40.elf.wZD2pm.ltrans0.ltrans.o
 .rodata.short_d10
                0x000000000003f16d        0xc /var/folders/sk/pxzc9l1n12xfhw7mpgdgdkdc0000gn/T//tqf40.elf.wZD2pm.ltrans0.ltrans.o
 .rodata.long_d10
                0x000000000003f179       0xd4 /var/folders/sk/pxzc9l1n12xfhw7mpgdgdkdc0000gn/T//tqf40.elf.wZD2pm.ltrans0.ltrans.o
 .rodata.short_d9
                0x000000000003f24d        0xc /var/folders/sk/pxzc9l1n12xfhw7mpgdgdkdc0000gn/T//tqf40.elf.wZD2pm.ltrans0.ltrans.o
 .rodata.long_d9
                0x000000000003f259       0x44 /var/folders/sk/pxzc9l1n12xfhw7mpgdgdkdc0000gn/T//tqf40.elf.wZD2pm.ltrans0.ltrans.o
 .rodata.short_d8
                0x000000000003f29d        0xb /var/folders/sk/pxzc9l1n12xfhw7mpgdgdkdc0000gn/T//tqf40.elf.wZD2pm.ltrans0.ltrans.o
 .rodata.long_d8
                0x000000000003f2a8       0x8f /var/folders/sk/pxzc9l1n12xfhw7mpgdgdkdc0000gn/T//tqf40.elf.wZD2pm.ltrans0.ltrans.o
 .rodata.short_d7
                0x000000000003f337        0xa /var/folders/sk/pxzc9l1n12xfhw7mpgdgdkdc0000gn/T//tqf40.elf.wZD2pm.ltrans0.ltrans.o
 .rodata.long_d7
                0x000000000003f341       0x6a /var/folders/sk/pxzc9l1n12xfhw7mpgdgdkdc0000gn/T//tqf40.elf.wZD2pm.ltrans0.ltrans.o
 .rodata.short_d6
                0x000000000003f3ab        0x9 /var/folders/sk/pxzc9l1n12xfhw7mpgdgdkdc0000gn/T//tqf40.elf.wZD2pm.ltrans0.ltrans.o
 .rodata.long_d6
                0x000000000003f3b4       0x30 /var/folders/sk/pxzc9l1n12xfhw7mpgdgdkdc0000gn/T//tqf40.elf.wZD2pm.ltrans0.ltrans.o
 .rodata.short_d5
                0x000000000003f3e4        0x7 /var/folders/sk/pxzc9l1n12xfhw7mpgdgdkdc0000gn/T//tqf40.elf.wZD2pm.ltrans0.ltrans.o
 .rodata.long_d5
                0x000000000003f3eb       0x4a /var/folders/sk/pxzc9l1n12xfhw7mpgdgdkdc0000gn/T//tqf40.elf.wZD2pm.ltrans0.ltrans.o
 .rodata.short_d4
                0x000000000003f435        0xa /var/folders/sk/pxzc9l1n12xfhw7mpgdgdkdc0000gn/T//tqf40.elf.wZD2pm.ltrans0.ltrans.o
 .rodata.long_d4
                0x000000000003f43f       0xcb /var/folders/sk/pxzc9l1n12xfhw7mpgdgdkdc0000gn/T//tqf40.elf.wZD2pm.ltrans0.ltrans.o
 .rodata.short_d3
                0x000000000003f50a        0x6 /var/folders/sk/pxzc9l1n12xfhw7mpgdgdkdc0000gn/T//tqf40.elf.wZD2pm.ltrans0.ltrans.o
 .rodata.long_d3
                0x000000000003f510       0x90 /var/folders/sk/pxzc9l1n12xfhw7mpgdgdkdc0000gn/T//tqf40.elf.wZD2pm.ltrans0.ltrans.o
 .rodata.short_d2
                0x000000000003f5a0        0x6 /var/folders/sk/pxzc9l1n12xfhw7mpgdgdkdc0000gn/T//tqf40.elf.wZD2pm.ltrans0.ltrans.o
 .rodata.long_d2
                0x000000000003f5a6       0x81 /var/folders/sk/pxzc9l1n12xfhw7mpgdgdkdc0000gn/T//tqf40.elf.wZD2pm.ltrans0.ltrans.o
 .rodata.short_d1
                0x000000000003f627        0x7 /var/folders/sk/pxzc9l1n12xfhw7mpgdgdkdc0000gn/T//tqf40.elf.wZD2pm.ltrans0.ltrans.o
 .rodata.long_d1
                0x000000000003f62e       0xfa /var/folders/sk/pxzc9l1n12xfhw7mpgdgdkdc0000gn/T//tqf40.elf.wZD2pm.ltrans0.ltrans.o
 .rodata.dictionary
                0x000000000003f728      0xdf2 /var/folders/sk/pxzc9l1n12xfhw7mpgdgdkdc0000gn/T//tqf40.elf.wZD2pm.ltrans0.ltrans.o
 .rodata.dir    0x000000000004051a       0x18 /var/folders/sk/pxzc9l1n12xfhw7mpgdgdkdc0000gn/T//tqf40.elf.wZD2pm.ltrans0.ltrans.o
 .rodata.huftree
                0x0000000000040532      0x1c5 /var/folders/sk/pxzc9l1n12xfhw7mpgdgdkdc0000gn/T//tqf40.elf.wZD2pm.ltrans0.ltrans.o
 *fill*         0x00000000000406f7        0x1 
 .rodata.original_position
                0x00000000000406f8       0xb4 /var/folders/sk/pxzc9l1n12xfhw7mpgdgdkdc0000gn/T//tqf40.elf.wZD2pm.ltrans0.ltrans.o
 .rodata.original_connections
                0x00000000000407ac      0x180 /var/folders/sk/pxzc9l1n12xfhw7mpgdgdkdc0000gn/T//tqf40.elf.wZD2pm.ltrans0.ltrans.o
 .rodata.str1.1
                0x000000000004092c       0xac /Users/davidebucci/Desktop/Synchronized/Vintage/Computing/Atari/ST/brown/lib/gcc/m68k-atariextrabrowner-elf/10.2.0/../../../../m68k-atariextrabrowner-elf/lib/m68000/libc.a(crtinit.o)
                                         0xad (size before relaxing)
 .rodata.str1.1
                0x00000000000409d8       0x14 /Users/davidebucci/Desktop/Synchronized/Vintage/Computing/Atari/ST/brown/lib/gcc/m68k-atariextrabrowner-elf/10.2.0/../../../../m68k-atariextrabrowner-elf/lib/m68000/libc.a(globals.o)
 .rodata.str1.1
                0x00000000000409ec       0x13 /Users/davidebucci/Desktop/Synchronized/Vintage/Computing/Atari/ST/brown/lib/gcc/m68k-atariextrabrowner-elf/10.2.0/../../../../m68k-atariextrabrowner-elf/lib/m68000/libc.a(main.o)
 .rodata.str1.1
                0x00000000000409ff       0x4d /Users/davidebucci/Desktop/Synchronized/Vintage/Computing/Atari/ST/brown/lib/gcc/m68k-atariextrabrowner-elf/10.2.0/../../../../m68k-atariextrabrowner-elf/lib/m68000/libc.a(malloc.o)
 .rodata        0x0000000000040a4c        0x7 /Users/davidebucci/Desktop/Synchronized/Vintage/Computing/Atari/ST/brown/lib/gcc/m68k-atariextrabrowner-elf/10.2.0/../../../../m68k-atariextrabrowner-elf/lib/m68000/libc.a(malloc.o)
 .rodata.str1.1
                0x0000000000040a53       0x1c /Users/davidebucci/Desktop/Synchronized/Vintage/Computing/Atari/ST/brown/lib/gcc/m68k-atariextrabrowner-elf/10.2.0/../../../../m68k-atariextrabrowner-elf/lib/m68000/libc.a(realloc.o)
 .rodata        0x0000000000040a6f        0xa /Users/davidebucci/Desktop/Synchronized/Vintage/Computing/Atari/ST/brown/lib/gcc/m68k-atariextrabrowner-elf/10.2.0/../../../../m68k-atariextrabrowner-elf/lib/m68000/libc.a(realloc.o)
 .rodata.str1.1
                0x0000000000040a79       0x12 /Users/davidebucci/Desktop/Synchronized/Vintage/Computing/Atari/ST/brown/lib/gcc/m68k-atariextrabrowner-elf/10.2.0/../../../../m68k-atariextrabrowner-elf/lib/m68000/libc.a(unx2dos.o)
                                         0x14 (size before relaxing)
 *fill*         0x0000000000040a8b        0x1 
 .rodata        0x0000000000040a8c       0x30 /Users/davidebucci/Desktop/Synchronized/Vintage/Computing/Atari/ST/brown/lib/gcc/m68k-atariextrabrowner-elf/10.2.0/../../../../m68k-atariextrabrowner-elf/lib/m68000/libc.a(internals.o)
                0x0000000000040a8c                ___default_room_functions
                0x0000000000040a94                ___default_text_io_functions
                0x0000000000040aa8                ___default_io_functions
 .rodata.str1.1
                0x0000000000040abc        0x9 /Users/davidebucci/Desktop/Synchronized/Vintage/Computing/Atari/ST/brown/lib/gcc/m68k-atariextrabrowner-elf/10.2.0/../../../../m68k-atariextrabrowner-elf/lib/m68000/libc.a(open.o)
 .rodata.str1.1
                0x0000000000040ac5       0x18 /Users/davidebucci/Desktop/Synchronized/Vintage/Computing/Atari/ST/brown/lib/gcc/m68k-atariextrabrowner-elf/10.2.0/../../../../m68k-atariextrabrowner-elf/lib/m68000/libc.a(assert.o)
                                         0x31 (size before relaxing)
 .rodata.str1.1
                0x0000000000040add       0x19 /Users/davidebucci/Desktop/Synchronized/Vintage/Computing/Atari/ST/brown/lib/gcc/m68k-atariextrabrowner-elf/10.2.0/../../../../m68k-atariextrabrowner-elf/lib/m68000/libc.a(quickstat.o)
 .rodata        0x0000000000040af6       0x4a /Users/davidebucci/Desktop/Synchronized/Vintage/Computing/Atari/ST/brown/lib/gcc/m68k-atariextrabrowner-elf/10.2.0/../../../../m68k-atariextrabrowner-elf/lib/m68000/libc.a(itoa-digits.o)
                0x0000000000040af6                __itoa_upper_digits
                0x0000000000040b1b                __itoa_lower_digits
 .rodata.str1.1
                0x0000000000040b40       0x94 /Users/davidebucci/Desktop/Synchronized/Vintage/Computing/Atari/ST/brown/lib/gcc/m68k-atariextrabrowner-elf/10.2.0/../../../../m68k-atariextrabrowner-elf/lib/m68000/libc.a(localtime.o)
 .rodata        0x0000000000040bd4     0x2dcc /Users/davidebucci/Desktop/Synchronized/Vintage/Computing/Atari/ST/brown/lib/gcc/m68k-atariextrabrowner-elf/10.2.0/../../../../m68k-atariextrabrowner-elf/lib/m68000/libc.a(localtime.o)
 .rodata.str1.1
                0x00000000000439a0        0xc /Users/davidebucci/Desktop/Synchronized/Vintage/Computing/Atari/ST/brown/lib/gcc/m68k-atariextrabrowner-elf/10.2.0/../../../../m68k-atariextrabrowner-elf/lib/m68000/libc.a(ioctl.o)
 .rodata.str1.1
                0x00000000000439ac       0x19 /Users/davidebucci/Desktop/Synchronized/Vintage/Computing/Atari/ST/brown/lib/gcc/m68k-atariextrabrowner-elf/10.2.0/../../../../m68k-atariextrabrowner-elf/lib/m68000/libc.a(do_stat.o)
 .rodata.str1.1
                0x00000000000439ac        0xc /Users/davidebucci/Desktop/Synchronized/Vintage/Computing/Atari/ST/brown/lib/gcc/m68k-atariextrabrowner-elf/10.2.0/../../../../m68k-atariextrabrowner-elf/lib/m68000/libc.a(getpwuid_r.o)
                                          0xe (size before relaxing)
 .rodata.str1.1
                0x00000000000439b8        0xb /Users/davidebucci/Desktop/Synchronized/Vintage/Computing/Atari/ST/brown/lib/gcc/m68k-atariextrabrowner-elf/10.2.0/../../../../m68k-atariextrabrowner-elf/lib/m68000/libc.a(grp.o)
                                          0xe (size before relaxing)
 .rodata.str1.1
                0x00000000000439c3       0x6a /Users/davidebucci/Desktop/Synchronized/Vintage/Computing/Atari/ST/brown/lib/gcc/m68k-atariextrabrowner-elf/10.2.0/../../../../m68k-atariextrabrowner-elf/lib/m68000/libc.a(asctime.o)
                                         0x6d (size before relaxing)
 .rodata        0x0000000000043a2d       0x39 /Users/davidebucci/Desktop/Synchronized/Vintage/Computing/Atari/ST/brown/lib/gcc/m68k-atariextrabrowner-elf/10.2.0/../../../../m68k-atariextrabrowner-elf/lib/m68000/libc.a(asctime.o)
 .rodata.str1.1
                0x0000000000043a66      0x1e9 /Users/davidebucci/Desktop/Synchronized/Vintage/Computing/Atari/ST/brown/lib/gcc/m68k-atariextrabrowner-elf/10.2.0/../../../../m68k-atariextrabrowner-elf/lib/m68000/libc.a(strftime.o)
                                        0x1ee (size before relaxing)
 *fill*         0x0000000000043c4f        0x1 
 .rodata        0x0000000000043c50       0xc8 /Users/davidebucci/Desktop/Synchronized/Vintage/Computing/Atari/ST/brown/lib/gcc/m68k-atariextrabrowner-elf/10.2.0/../../../../m68k-atariextrabrowner-elf/lib/m68000/libc.a(strftime.o)
 .rodata.str1.1
                0x0000000000043d18        0x2 /Users/davidebucci/Desktop/Synchronized/Vintage/Computing/Atari/ST/brown/lib/gcc/m68k-atariextrabrowner-elf/10.2.0/../../../../m68k-atariextrabrowner-elf/lib/m68000/libc.a(setlocale.o)
 .rodata.str1.1
                0x0000000000043d1a        0x1 /Users/davidebucci/Desktop/Synchronized/Vintage/Computing/Atari/ST/brown/lib/gcc/m68k-atariextrabrowner-elf/10.2.0/../../../../m68k-atariextrabrowner-elf/lib/m68000/libc.a(fgetpwent_r.o)
 .rodata.str1.1
                0x0000000000043d1a        0x6 /Users/davidebucci/Desktop/Synchronized/Vintage/Computing/Atari/ST/brown/lib/gcc/m68k-atariextrabrowner-elf/10.2.0/../../../../m68k-atariextrabrowner-elf/lib/m68000/libc.a(vfprintf.o)
                                          0x7 (size before relaxing)
 .rodata        0x0000000000043d20      0x4cb /Users/davidebucci/Desktop/Synchronized/Vintage/Computing/Atari/ST/brown/lib/gcc/m68k-atariextrabrowner-elf/10.2.0/../../../../m68k-atariextrabrowner-elf/lib/m68000/libc.a(vfprintf.o)
 *fill*         0x00000000000441eb        0x1 
 .rodata        0x00000000000441ec      0x230 /Users/davidebucci/Desktop/Synchronized/Vintage/Computing/Atari/ST/brown/lib/gcc/m68k-atariextrabrowner-elf/10.2.0/../../../../m68k-atariextrabrowner-elf/lib/m68000/libc.a(_itoa.o)
 .rodata.str1.1
                0x000000000004441c       0x10 /Users/davidebucci/Desktop/Synchronized/Vintage/Computing/Atari/ST/brown/lib/gcc/m68k-atariextrabrowner-elf/10.2.0/../../../../m68k-atariextrabrowner-elf/lib/m68000/libc.a(printf_fp.o)
 .rodata        0x000000000004442c        0xc /Users/davidebucci/Desktop/Synchronized/Vintage/Computing/Atari/ST/brown/lib/gcc/m68k-atariextrabrowner-elf/10.2.0/../../../../m68k-atariextrabrowner-elf/lib/m68000/libc.a(printf_fp.o)
 .rodata.str1.1
                0x0000000000044438       0x10 /Users/davidebucci/Desktop/Synchronized/Vintage/Computing/Atari/ST/brown/lib/gcc/m68k-atariextrabrowner-elf/10.2.0/../../../../m68k-atariextrabrowner-elf/lib/m68000/libc.a(printf_fphex.o)
 .rodata        0x0000000000044438      0xea0 /Users/davidebucci/Desktop/Synchronized/Vintage/Computing/Atari/ST/brown/lib/gcc/m68k-atariextrabrowner-elf/10.2.0/../../../../m68k-atariextrabrowner-elf/lib/m68000/libc.a(fpioconst.o)
                0x0000000000044438                __fpioconst_pow10
                0x0000000000044508                ___tens
 .rodata.str1.1
                0x00000000000452d8      0xcb1 /Users/davidebucci/Desktop/Synchronized/Vintage/Computing/Atari/ST/brown/lib/gcc/m68k-atariextrabrowner-elf/10.2.0/../../../../m68k-atariextrabrowner-elf/lib/m68000/libc.a(strerror.o)
                                        0xcbb (size before relaxing)
 *fill*         0x0000000000045f89        0x1 
 .rodata        0x0000000000045f8a      0x532 /Users/davidebucci/Desktop/Synchronized/Vintage/Computing/Atari/ST/brown/lib/gcc/m68k-atariextrabrowner-elf/10.2.0/../../../../m68k-atariextrabrowner-elf/lib/m68000/libc.a(strerror.o)